 DIWU

 Timestamp is 5b4e25ba (Tue Jul 17 20:22:02 2018)

 Preferred load address is 0000000180000000

 Start         Length     Name                   Class
 0001:00000000 00001381H .text$di                CODE
 0001:00001390 0000c43cH .text$mn                CODE
 0001:0000d7d0 00000b00H .text$x                 CODE
 0001:0000e2d0 000002b1H .text$yd                CODE
 0002:00000000 00000398H .idata$5                DATA
 0002:00000398 00000008H .CRT$XCA                DATA
 0002:000003a0 00000048H .CRT$XCU                DATA
 0002:000003e8 00000008H .CRT$XCZ                DATA
 0002:000003f0 00000008H .CRT$XIA                DATA
 0002:000003f8 00000008H .CRT$XIAA               DATA
 0002:00000400 00000008H .CRT$XIC                DATA
 0002:00000408 00000008H .CRT$XIZ                DATA
 0002:00000410 00001be0H .rdata                  DATA
 0002:00001ff0 00000070H .rdata$debug            DATA
 0002:00002060 0000088cH .rdata$r                DATA
 0002:000028f0 00000008H .rtc$IAA                DATA
 0002:000028f8 00000008H .rtc$IZZ                DATA
 0002:00002900 00000008H .rtc$TAA                DATA
 0002:00002908 00000008H .rtc$TZZ                DATA
 0002:00002910 00001bccH .xdata                  DATA
 0002:000044e0 00000084H .xdata$x                DATA
 0002:00004570 0000004aH .edata                  DATA
 0002:000045bc 0000008cH .idata$2                DATA
 0002:00004648 00000014H .idata$3                DATA
 0002:00004660 00000398H .idata$4                DATA
 0002:000049f8 00000e14H .idata$6                DATA
 0003:00000000 0000010cH .data                   DATA
 0003:00000110 00000484H .data$r                 DATA
 0003:000005a0 00000668H .bss                    DATA
 0004:00000000 00000ba0H .pdata                  DATA

  Address         Publics by Value              Rva+Base               Lib:Object

 0000:00000000       ___safe_se_handler_count   0000000000000000     <absolute>
 0000:00000000       ___safe_se_handler_table   0000000000000000     <absolute>
 0000:00000000       __guard_fids_count         0000000000000000     <absolute>
 0000:00000000       __guard_fids_table         0000000000000000     <absolute>
 0000:00000000       __guard_flags              0000000000000000     <absolute>
 0000:00000000       __ImageBase                0000000180000000     <linker-defined>
 0001:00001390       ??$destroy@PEAU?$_Tree_node@U?$pair@$$CBHV?$basic_string@DU?$char_traits@D@std@@V?$allocator@D@2@@std@@@std@@PEAX@std@@@?$_Wrap_alloc@V?$allocator@U?$_Tree_node@U?$pair@$$CBHV?$basic_string@DU?$char_traits@D@std@@V?$allocator@D@2@@std@@@std@@PEAX@std@@@std@@@std@@QEAAXPEAPEAU?$_Tree_node@U?$pair@$$CBHV?$basic_string@DU?$char_traits@D@std@@V?$allocator@D@2@@std@@@std@@PEAX@1@@Z 0000000180002390 f i mex_opencv_2.4:MxArray.obj
 0001:00001390       ??$destroy@PEAU?$_Tree_node@U?$pair@$$CBV?$basic_string@DU?$char_traits@D@std@@V?$allocator@D@2@@std@@H@std@@PEAX@std@@@?$_Wrap_alloc@V?$allocator@U?$_Tree_node@U?$pair@$$CBV?$basic_string@DU?$char_traits@D@std@@V?$allocator@D@2@@std@@H@std@@PEAX@std@@@std@@@std@@QEAAXPEAPEAU?$_Tree_node@U?$pair@$$CBV?$basic_string@DU?$char_traits@D@std@@V?$allocator@D@2@@std@@H@std@@PEAX@1@@Z 0000000180002390 f i mex_opencv_2.4:MxArray.obj
 0001:00001390       ??$destroy@PEAD@?$_Wrap_alloc@V?$allocator@D@std@@@std@@QEAAXPEAPEAD@Z 0000000180002390 f i main.obj
 0001:00001390       ??$destroy@PEAU?$_Tree_node@U?$pair@$$CBW4mxClassID@@H@std@@PEAX@std@@@?$_Wrap_alloc@V?$allocator@U?$_Tree_node@U?$pair@$$CBW4mxClassID@@H@std@@PEAX@std@@@std@@@std@@QEAAXPEAPEAU?$_Tree_node@U?$pair@$$CBW4mxClassID@@H@std@@PEAX@1@@Z 0000000180002390 f i mex_opencv_2.4:MxArray.obj
 0001:00001390       ??$destroy@PEAU?$_Tree_node@U?$pair@$$CBHW4mxClassID@@@std@@PEAX@std@@@?$_Wrap_alloc@V?$allocator@U?$_Tree_node@U?$pair@$$CBHW4mxClassID@@@std@@PEAX@std@@@std@@@std@@QEAAXPEAPEAU?$_Tree_node@U?$pair@$$CBHW4mxClassID@@@std@@PEAX@1@@Z 0000000180002390 f i mex_opencv_2.4:MxArray.obj
 0001:00001390       ??$_Uninit_def_fill_n@PEAUdiwuScanParams@@_KV?$allocator@UdiwuScanParams@@@std@@U1@@std@@YAXPEAUdiwuScanParams@@_KAEAU?$_Wrap_alloc@V?$allocator@UdiwuScanParams@@@std@@@0@0U_Nonscalar_ptr_iterator_tag@0@@Z 0000000180002390 f i DIWU.obj
 0001:00001390       ??$destroy@U_Container_proxy@std@@@?$_Wrap_alloc@V?$allocator@U_Container_proxy@std@@@std@@@std@@QEAAXPEAU_Container_proxy@1@@Z 0000000180002390 f i tictoc.obj
 0001:00001390       ??$_Uninit_def_fill_n@PEAUiwuScanParams@@_KV?$allocator@UiwuScanParams@@@std@@U1@@std@@YAXPEAUiwuScanParams@@_KAEAU?$_Wrap_alloc@V?$allocator@UiwuScanParams@@@std@@@0@0U_Nonscalar_ptr_iterator_tag@0@@Z 0000000180002390 f i DIWU.obj
 0001:00001390       ??3@YAXPEAX0@Z             0000000180002390 f i main.obj
 0001:00001390       ??1?$_Deque_val@U?$_Deque_simple_types@J@std@@@std@@QEAA@XZ 0000000180002390 f i tictoc.obj
 0001:00001390       ?_Destroy@?$vector@PEBDV?$allocator@PEBD@std@@@std@@IEAAXPEAPEBD0@Z 0000000180002390 f i main.obj
 0001:000013a0       ??_G_System_error_category@std@@UEAAPEAXI@Z 00000001800023a0 f i main.obj
 0001:000013a0       ??_E_System_error_category@std@@UEAAPEAXI@Z 00000001800023a0 f i * CIL library *:* CIL module *
 0001:000013a0       ??_Eerror_category@std@@UEAAPEAXI@Z 00000001800023a0 f i * CIL library *:* CIL module *
 0001:000013a0       ??_G_Generic_error_category@std@@UEAAPEAXI@Z 00000001800023a0 f i main.obj
 0001:000013a0       ??_Gerror_category@std@@UEAAPEAXI@Z 00000001800023a0 f i main.obj
 0001:000013a0       ??_G_Iostream_error_category@std@@UEAAPEAXI@Z 00000001800023a0 f i main.obj
 0001:000013a0       ??_E_Iostream_error_category@std@@UEAAPEAXI@Z 00000001800023a0 f i * CIL library *:* CIL module *
 0001:000013a0       ??_E_Generic_error_category@std@@UEAAPEAXI@Z 00000001800023a0 f i * CIL library *:* CIL module *
 0001:000013d0       ?default_error_condition@error_category@std@@UEBA?AVerror_condition@2@H@Z 00000001800023d0 f i main.obj
 0001:000013e0       ?equivalent@error_category@std@@UEBA_NHAEBVerror_condition@2@@Z 00000001800023e0 f i main.obj
 0001:00001420       ?equivalent@error_category@std@@UEBA_NAEBVerror_code@2@H@Z 0000000180002420 f i main.obj
 0001:00001440       ?name@_Generic_error_category@std@@UEBAPEBDXZ 0000000180002440 f i main.obj
 0001:00001450       ?message@_Generic_error_category@std@@UEBA?AV?$basic_string@DU?$char_traits@D@std@@V?$allocator@D@2@@2@H@Z 0000000180002450 f i main.obj
 0001:000014c0       ?name@_Iostream_error_category@std@@UEBAPEBDXZ 00000001800024c0 f i main.obj
 0001:000014d0       ?message@_Iostream_error_category@std@@UEBA?AV?$basic_string@DU?$char_traits@D@std@@V?$allocator@D@2@@2@H@Z 00000001800024d0 f i main.obj
 0001:00001520       ?name@_System_error_category@std@@UEBAPEBDXZ 0000000180002520 f i main.obj
 0001:00001530       ?message@_System_error_category@std@@UEBA?AV?$basic_string@DU?$char_traits@D@std@@V?$allocator@D@2@@2@H@Z 0000000180002530 f i main.obj
 0001:000015a0       ?default_error_condition@_System_error_category@std@@UEBA?AVerror_condition@2@H@Z 00000001800025a0 f i main.obj
 0001:000015e0       ??1MxArray@@UEAA@XZ        00000001800025e0 f i main.obj
 0001:000015f0       ??_EMxArray@@UEAAPEAXI@Z   00000001800025f0 f i * CIL library *:* CIL module *
 0001:000015f0       ??_GMxArray@@UEAAPEAXI@Z   00000001800025f0 f i main.obj
 0001:00001620       ?excapsulate@@YA?AV?$basic_string@DU?$char_traits@D@std@@V?$allocator@D@2@@std@@V12@0@Z 0000000180002620 f   main.obj
 0001:00001700       ?BuildInputErrMessage@@YA?AV?$basic_string@DU?$char_traits@D@std@@V?$allocator@D@2@@std@@XZ 0000000180002700 f   main.obj
 0001:00001990       ??_D?$basic_ostringstream@DU?$char_traits@D@std@@V?$allocator@D@2@@std@@QEAAXXZ 0000000180002990 f i main.obj
 0001:000019c0       mexFunction                00000001800029c0 f   main.obj
 0001:00001e90       ??0?$basic_string@DU?$char_traits@D@std@@V?$allocator@D@2@@std@@QEAA@$$QEAV01@@Z 0000000180002e90 f i main.obj
 0001:00001f10       ??1?$basic_string@DU?$char_traits@D@std@@V?$allocator@D@2@@std@@QEAA@XZ 0000000180002f10 f i main.obj
 0001:00001f50       ??0?$vector@PEBDV?$allocator@PEBD@std@@@std@@QEAA@AEBV01@@Z 0000000180002f50 f i main.obj
 0001:00002020       ??1?$vector@UiwuScanParams@@V?$allocator@UiwuScanParams@@@std@@@std@@QEAA@XZ 0000000180003020 f i DIWU.obj
 0001:00002020       ??1?$vector@PEBDV?$allocator@PEBD@std@@@std@@QEAA@XZ 0000000180003020 f i main.obj
 0001:00002020       ??1?$vector@HV?$allocator@H@std@@@std@@QEAA@XZ 0000000180003020 f i DIWU.obj
 0001:00002020       ??1?$vector@UdiwuScanParams@@V?$allocator@UdiwuScanParams@@@std@@@std@@QEAA@XZ 0000000180003020 f i DIWU.obj
 0001:00002020       ??1CountArray@diwu@@QEAA@XZ 0000000180003020 f i DIWU.obj
 0001:00002020       ??1?$vector@NV?$allocator@N@std@@@std@@QEAA@XZ 0000000180003020 f i DIWU.obj
 0001:00002050       ??0?$basic_ostringstream@DU?$char_traits@D@std@@V?$allocator@D@2@@std@@QEAA@H@Z 0000000180003050 f i main.obj
 0001:00002110       ??1?$basic_ostringstream@DU?$char_traits@D@std@@V?$allocator@D@2@@std@@UEAA@XZ 0000000180003110 f i main.obj
 0001:000021c0       ?str@?$basic_ostringstream@DU?$char_traits@D@std@@V?$allocator@D@2@@std@@QEBA?AV?$basic_string@DU?$char_traits@D@std@@V?$allocator@D@2@@2@XZ 00000001800031c0 f i main.obj
 0001:000021f0       ?overflow@?$basic_stringbuf@DU?$char_traits@D@std@@V?$allocator@D@2@@std@@MEAAHH@Z 00000001800031f0 f i main.obj
 0001:00002450       ?pbackfail@?$basic_stringbuf@DU?$char_traits@D@std@@V?$allocator@D@2@@std@@MEAAHH@Z 0000000180003450 f i main.obj
 0001:000024a0       ?underflow@?$basic_stringbuf@DU?$char_traits@D@std@@V?$allocator@D@2@@std@@MEAAHXZ 00000001800034a0 f i main.obj
 0001:00002500       ?seekoff@?$basic_stringbuf@DU?$char_traits@D@std@@V?$allocator@D@2@@std@@MEAA?AV?$fpos@H@2@_JHH@Z 0000000180003500 f i main.obj
 0001:00002690       ?seekpos@?$basic_stringbuf@DU?$char_traits@D@std@@V?$allocator@D@2@@std@@MEAA?AV?$fpos@H@2@V32@H@Z 0000000180003690 f i main.obj
 0001:000027a0       ??_G?$basic_ostringstream@DU?$char_traits@D@std@@V?$allocator@D@2@@std@@UEAAPEAXI@Z 00000001800037a0 f i main.obj
 0001:000027a0       ??_E?$basic_ostringstream@DU?$char_traits@D@std@@V?$allocator@D@2@@std@@UEAAPEAXI@Z 00000001800037a0 f i * CIL library *:* CIL module *
 0001:00002800       ??_G?$basic_stringbuf@DU?$char_traits@D@std@@V?$allocator@D@2@@std@@UEAAPEAXI@Z 0000000180003800 f i main.obj
 0001:00002800       ??_E?$basic_stringbuf@DU?$char_traits@D@std@@V?$allocator@D@2@@std@@UEAAPEAXI@Z 0000000180003800 f i * CIL library *:* CIL module *
 0001:00002890       ?_Assign_rv@?$basic_string@DU?$char_traits@D@std@@V?$allocator@D@2@@std@@QEAAX$$QEAV12@@Z 0000000180003890 f i main.obj
 0001:00002900       ?append@?$basic_string@DU?$char_traits@D@std@@V?$allocator@D@2@@std@@QEAAAEAV12@AEBV12@_K1@Z 0000000180003900 f i main.obj
 0001:00002a20       ?append@?$basic_string@DU?$char_traits@D@std@@V?$allocator@D@2@@std@@QEAAAEAV12@PEBD_K@Z 0000000180003a20 f i main.obj
 0001:00002b70       ?assign@?$basic_string@DU?$char_traits@D@std@@V?$allocator@D@2@@std@@QEAAAEAV12@AEBV12@_K1@Z 0000000180003b70 f i main.obj
 0001:00002ca0       ?str@?$basic_stringbuf@DU?$char_traits@D@std@@V?$allocator@D@2@@std@@QEBA?AV?$basic_string@DU?$char_traits@D@std@@V?$allocator@D@2@@2@XZ 0000000180003ca0 f i main.obj
 0001:00002e30       ??1sentry@?$basic_ostream@DU?$char_traits@D@std@@@std@@QEAA@XZ 0000000180003e30 f i main.obj
 0001:00002e80       ?assign@?$basic_string@DU?$char_traits@D@std@@V?$allocator@D@2@@std@@QEAAAEAV12@PEBD_K@Z 0000000180003e80 f i main.obj
 0001:00002fb0       ?erase@?$basic_string@DU?$char_traits@D@std@@V?$allocator@D@2@@std@@QEAAAEAV12@_K0@Z 0000000180003fb0 f i main.obj
 0001:00003080       ?_Grow@?$basic_string@DU?$char_traits@D@std@@V?$allocator@D@2@@std@@QEAA_N_K_N@Z 0000000180004080 f i main.obj
 0001:00003150       ??0?$_Wrap_alloc@V?$allocator@U?$_Tree_node@U?$pair@$$CBV?$basic_string@DU?$char_traits@D@std@@V?$allocator@D@2@@std@@H@std@@PEAX@std@@@std@@@std@@QEAA@AEBV?$allocator@U?$_Tree_node@U?$pair@$$CBV?$basic_string@DU?$char_traits@D@std@@V?$allocator@D@2@@std@@H@std@@PEAX@std@@@1@@Z 0000000180004150 f i mex_opencv_2.4:MxArray.obj
 0001:00003150       ??0?$_Wrap_alloc@V?$allocator@U?$_Tree_node@U?$pair@$$CBW4mxClassID@@H@std@@PEAX@std@@@std@@@std@@QEAA@AEBV?$allocator@U?$_Tree_node@U?$pair@$$CBW4mxClassID@@H@std@@PEAX@std@@@1@@Z 0000000180004150 f i mex_opencv_2.4:MxArray.obj
 0001:00003150       ??0?$_Wrap_alloc@V?$allocator@PEBD@std@@@std@@QEAA@XZ 0000000180004150 f i main.obj
 0001:00003150       ??0?$_Wrap_alloc@V?$allocator@D@std@@@std@@QEAA@XZ 0000000180004150 f i main.obj
 0001:00003150       ??0?$_Wrap_alloc@V?$allocator@U?$_Tree_node@U?$pair@$$CBHV?$basic_string@DU?$char_traits@D@std@@V?$allocator@D@2@@std@@@std@@PEAX@std@@@std@@@std@@QEAA@XZ 0000000180004150 f i mex_opencv_2.4:MxArray.obj
 0001:00003150       ??0?$_Wrap_alloc@V?$allocator@U?$_Tree_node@U?$pair@$$CBHW4mxClassID@@@std@@PEAX@std@@@std@@@std@@QEAA@XZ 0000000180004150 f i mex_opencv_2.4:MxArray.obj
 0001:00003150       ??0?$_Wrap_alloc@V?$allocator@U?$_Tree_node@U?$pair@$$CBW4mxClassID@@H@std@@PEAX@std@@@std@@@std@@QEAA@XZ 0000000180004150 f i mex_opencv_2.4:MxArray.obj
 0001:00003150       ??0?$_Wrap_alloc@V?$allocator@U?$_Tree_node@U?$pair@$$CBHV?$basic_string@DU?$char_traits@D@std@@V?$allocator@D@2@@std@@@std@@PEAX@std@@@std@@@std@@QEAA@AEBV?$allocator@U?$_Tree_node@U?$pair@$$CBHV?$basic_string@DU?$char_traits@D@std@@V?$allocator@D@2@@std@@@std@@PEAX@std@@@1@@Z 0000000180004150 f i mex_opencv_2.4:MxArray.obj
 0001:00003150       ??0?$_Wrap_alloc@V?$allocator@U_Container_proxy@std@@@std@@@std@@QEAA@XZ 0000000180004150 f i tictoc.obj
 0001:00003150       ??0?$_Wrap_alloc@V?$allocator@U?$_Tree_node@U?$pair@$$CBHW4mxClassID@@@std@@PEAX@std@@@std@@@std@@QEAA@AEBV?$allocator@U?$_Tree_node@U?$pair@$$CBHW4mxClassID@@@std@@PEAX@std@@@1@@Z 0000000180004150 f i mex_opencv_2.4:MxArray.obj
 0001:00003150       ??0?$_Wrap_alloc@V?$allocator@U?$_Tree_node@U?$pair@$$CBV?$basic_string@DU?$char_traits@D@std@@V?$allocator@D@2@@std@@H@std@@PEAX@std@@@std@@@std@@QEAA@XZ 0000000180004150 f i mex_opencv_2.4:MxArray.obj
 0001:00003160       ??1_Sentry_base@?$basic_ostream@DU?$char_traits@D@std@@@std@@QEAA@XZ 0000000180004160 f i main.obj
 0001:00003180       ?_Copy@?$basic_string@DU?$char_traits@D@std@@V?$allocator@D@2@@std@@QEAAX_K0@Z 0000000180004180 f i main.obj
 0001:00003290       ??$?HDU?$char_traits@D@std@@V?$allocator@D@1@@std@@YA?AV?$basic_string@DU?$char_traits@D@std@@V?$allocator@D@2@@0@AEBV10@0@Z 0000000180004290 f i main.obj
 0001:00003350       ??$?HDU?$char_traits@D@std@@V?$allocator@D@1@@std@@YA?AV?$basic_string@DU?$char_traits@D@std@@V?$allocator@D@2@@0@$$QEAV10@AEBV10@@Z 0000000180004350 f i main.obj
 0001:00003390       ??$?6U?$char_traits@D@std@@@std@@YAAEAV?$basic_ostream@DU?$char_traits@D@std@@@0@AEAV10@PEBD@Z 0000000180004390 f i main.obj
 0001:00003560       ??$?6DU?$char_traits@D@std@@V?$allocator@D@1@@std@@YAAEAV?$basic_ostream@DU?$char_traits@D@std@@@0@AEAV10@AEBV?$basic_string@DU?$char_traits@D@std@@V?$allocator@D@2@@0@@Z 0000000180004560 f i main.obj
 0001:00003730       ??$?HDU?$char_traits@D@std@@V?$allocator@D@1@@std@@YA?AV?$basic_string@DU?$char_traits@D@std@@V?$allocator@D@2@@0@$$QEAV10@0@Z 0000000180004730 f i main.obj
 0001:000037a0       ??$stringJoin@PEBD@@YA?AV?$basic_string@DU?$char_traits@D@std@@V?$allocator@D@2@@std@@V01@V?$vector@PEBDV?$allocator@PEBD@std@@@1@@Z 00000001800047a0 f i main.obj
 0001:00003990       ??$?6U?$char_traits@D@std@@@std@@YAAEAV?$basic_ostream@DU?$char_traits@D@std@@@0@AEAV10@D@Z 0000000180004990 f i main.obj
 0001:00003b40       ?insert@?$basic_string@DU?$char_traits@D@std@@V?$allocator@D@2@@std@@QEAAAEAV12@_KAEBV12@00@Z 0000000180004b40 f i main.obj
 0001:00003cb0       ??$_Insert@PEBQEBD@?$vector@PEBDV?$allocator@PEBD@std@@@std@@QEAAXV?$_Vector_const_iterator@V?$_Vector_val@U?$_Simple_types@PEBD@std@@@std@@@1@PEBQEBD1Uforward_iterator_tag@1@@Z 0000000180004cb0 f i main.obj
 0001:00003e90       ??$_Rotate@PEAPEBD_JPEBD@std@@YAXPEAPEBD00PEA_J0@Z 0000000180004e90 f i main.obj
 0001:00003f4c       ??_E?$basic_ostringstream@DU?$char_traits@D@std@@V?$allocator@D@2@@std@@$4PPPPPPPM@A@EAAPEAXI@Z 0000000180004f4c f i main.obj
 0001:00003f60       ??1bad_alloc@std@@UEAA@XZ  0000000180004f60 f i DIWU.obj
 0001:00003f80       ??_Ebad_alloc@std@@UEAAPEAXI@Z 0000000180004f80 f i * CIL library *:* CIL module *
 0001:00003f80       ??_Gbad_alloc@std@@UEAAPEAXI@Z 0000000180004f80 f i DIWU.obj
 0001:00003fc0       ??0Mat@cv@@QEAA@HHH@Z      0000000180004fc0 f i DIWU.obj
 0001:00004060       ??0Mat@cv@@QEAA@AEBV01@@Z  0000000180005060 f i DIWU.obj
 0001:00004140       ??1Mat@cv@@QEAA@XZ         0000000180005140 f i DIWU.obj
 0001:00004170       ??4Mat@cv@@QEAAAEAV01@AEBV01@@Z 0000000180005170 f i DIWU.obj
 0001:00004230       ?rowRange@Mat@cv@@QEBA?AV12@HH@Z 0000000180005230 f i DIWU.obj
 0001:00004280       ?colRange@Mat@cv@@QEBA?AV12@HH@Z 0000000180005280 f i DIWU.obj
 0001:000042d0       ?release@Mat@cv@@QEAAXXZ   00000001800052d0 f i DIWU.obj
 0001:00004340       ?throw_std_bad_alloc@internal@Eigen@@YAXXZ 0000000180005340 f i DIWU.obj
 0001:00004390       ??0bad_alloc@std@@QEAA@AEBV01@@Z 0000000180005390 f i DIWU.obj
 0001:000043c0       ??0CountArray@diwu@@QEAA@H@Z 00000001800053c0 f i DIWU.obj
 0001:00004470       ??0DeformableDiversityWeightArray@diwu@@QEAA@HN@Z 0000000180005470 f i DIWU.obj
 0001:00004580       ??1thread@std@@QEAA@XZ     0000000180005580 f i DIWU.obj
 0001:000045a0       ?toCVMatFloat@@YA?AVMat@cv@@V?$Mat@M@diwu@@@Z 00000001800055a0 f i DIWU.obj
 0001:000046a0       ?OneDimL1Dist@@YAXAEAJ0AEAV?$Mat@H@diwu@@AEAHHHHHH@Z 00000001800056a0 f   DIWU.obj
 0001:000048e0       ?IWURasterScan@@YAXV?$Mat@H@diwu@@V?$Mat@M@2@HHAEBV?$Map@V?$Matrix@H$0?0$0?0$0A@$0?0$0?0@Eigen@@$0A@V?$Stride@$0A@$0A@@2@@Eigen@@NAEAV32@HHPEAH@Z 00000001800058e0 f   DIWU.obj
 0001:00005ea0       ??1DeformableDiversityWeightArray@diwu@@QEAA@XZ 0000000180006ea0 f i DIWU.obj
 0001:00005ef0       ?InitForOneDimExpL1MultiSide@@YAXAEAV?$Mat@M@diwu@@000V?$Mat@H@2@V12@AEBV?$Map@V?$Matrix@H$0?0$0?0$0A@$0?0$0?0@Eigen@@$0A@V?$Stride@$0A@$0A@@2@@Eigen@@HHH@Z 0000000180006ef0 f   DIWU.obj
 0001:000064c0       ?OneDimExpL1DistWeightedMultiSide@@YAXV?$Mat@H@diwu@@V?$Mat@M@2@HHAEBV?$Map@V?$Matrix@H$0?0$0?0$0A@$0?0$0?0@Eigen@@$0A@V?$Stride@$0A@$0A@@2@@Eigen@@AEAV32@HH@Z 00000001800074c0 f   DIWU.obj
 0001:00007200       ?conv2@@YAXAEBVMat@cv@@0W4ConvolutionType@@AEAV12@@Z 0000000180008200 f   DIWU.obj
 0001:000075b0       ?DIWUIntegralImage@@YAXV?$Mat@H@diwu@@V?$Mat@M@2@HHAEBV?$Map@V?$Matrix@H$0?0$0?0$0A@$0?0$0?0@Eigen@@$0A@V?$Stride@$0A@$0A@@2@@Eigen@@AEAV32@_N@Z 00000001800085b0 f   DIWU.obj
 0001:00007a70       ?IWURasterScan_ThreadFunc@@YAXUiwuScanParams@@@Z 0000000180008a70 f   DIWU.obj
 0001:00007ad0       ?DIWURasterScan_ThreadFunc@@YAXUdiwuScanParams@@@Z 0000000180008ad0 f   DIWU.obj
 0001:00007e50       ?LoadXyPositions@@YA?AV?$Map@V?$Matrix@H$0?0$0?0$0A@$0?0$0?0@Eigen@@$0A@V?$Stride@$0A@$0A@@2@@Eigen@@PEAPEBUmxArray_tag@@@Z 0000000180008e50 f   DIWU.obj
 0001:00007f90       ?IWU@diwu@@YAXPEAPEAUmxArray_tag@@HPEAPEBU2@I@Z 0000000180008f90 f   DIWU.obj
 0001:00008580       ?DIWU@diwu@@YAXPEAPEAUmxArray_tag@@HPEAPEBU2@I@Z 0000000180009580 f   DIWU.obj
 0001:00008ac0       ?transpose@?$Mat@M@diwu@@QEAA?AV12@XZ 0000000180009ac0 f i DIWU.obj
 0001:00008b80       ??0?$vector@UiwuScanParams@@V?$allocator@UiwuScanParams@@@std@@@std@@QEAA@_K@Z 0000000180009b80 f i DIWU.obj
 0001:00008c00       ??0?$vector@Vthread@std@@V?$allocator@Vthread@std@@@2@@std@@QEAA@_K@Z 0000000180009c00 f i DIWU.obj
 0001:00008ca0       ??1?$vector@Vthread@std@@V?$allocator@Vthread@std@@@2@@std@@QEAA@XZ 0000000180009ca0 f i DIWU.obj
 0001:00008d00       ??0?$vector@UdiwuScanParams@@V?$allocator@UdiwuScanParams@@@std@@@std@@QEAA@_K@Z 0000000180009d00 f i DIWU.obj
 0001:00008d50       ?_Construct_n@?$vector@HV?$allocator@H@std@@@std@@QEAAX_KPEBH@Z 0000000180009d50 f i DIWU.obj
 0001:00008e00       ?_Construct_n@?$vector@NV?$allocator@N@std@@@std@@QEAAX_KPEBN@Z 0000000180009e00 f i DIWU.obj
 0001:00008eb0       ?run@?$inplace_transpose_selector@V?$Map@V?$Matrix@H$0?0$0?0$0A@$0?0$0?0@Eigen@@$0A@V?$Stride@$0A@$0A@@2@@Eigen@@$0A@@internal@Eigen@@SAXAEAV?$Map@V?$Matrix@H$0?0$0?0$0A@$0?0$0?0@Eigen@@$0A@V?$Stride@$0A@$0A@@2@@3@@Z 0000000180009eb0 f i DIWU.obj
 0001:00009000       ??1?$PlainObjectBase@V?$Matrix@H$0?0$0?0$00$0?0$0?0@Eigen@@@Eigen@@QEAA@XZ 000000018000a000 f i DIWU.obj
 0001:00009010       ?eval@?$DenseBase@V?$Transpose@V?$Map@V?$Matrix@H$0?0$0?0$0A@$0?0$0?0@Eigen@@$0A@V?$Stride@$0A@$0A@@2@@Eigen@@@Eigen@@@Eigen@@QEBA?BV?$Matrix@H$0?0$0?0$00$0?0$0?0@2@XZ 000000018000a010 f i DIWU.obj
 0001:00009200       ??$_Uninit_def_fill_n@PEAVthread@std@@_KV?$allocator@Vthread@std@@@2@V12@@std@@YAXPEAVthread@0@_KAEAU?$_Wrap_alloc@V?$allocator@Vthread@std@@@std@@@0@0U_Nonscalar_ptr_iterator_tag@0@@Z 000000018000a200 f i DIWU.obj
 0001:00009220       ??1?$_LaunchPad@V?$_Bind@$00XQ6AXUdiwuScanParams@@@ZV?$reference_wrapper@UdiwuScanParams@@@std@@@std@@@std@@QEAA@XZ 000000018000a220 f i DIWU.obj
 0001:00009220       ??1?$_LaunchPad@V?$_Bind@$00XQ6AXUiwuScanParams@@@ZV?$reference_wrapper@UiwuScanParams@@@std@@@std@@@std@@QEAA@XZ 000000018000a220 f i DIWU.obj
 0001:00009230       ?_Go@?$_LaunchPad@V?$_Bind@$00XQ6AXUiwuScanParams@@@ZV?$reference_wrapper@UiwuScanParams@@@std@@@std@@@std@@UEAAIXZ 000000018000a230 f i DIWU.obj
 0001:00009280       ?_Go@?$_LaunchPad@V?$_Bind@$00XQ6AXUdiwuScanParams@@@ZV?$reference_wrapper@UdiwuScanParams@@@std@@@std@@@std@@UEAAIXZ 000000018000a280 f i DIWU.obj
 0001:000092d0       ?run@?$triangular_assignment_selector@V?$SwapWrapper@V?$Map@V?$Matrix@H$0?0$0?0$0A@$0?0$0?0@Eigen@@$0A@V?$Stride@$0A@$0A@@2@@Eigen@@@Eigen@@V?$Transpose@V?$Map@V?$Matrix@H$0?0$0?0$0A@$0?0$0?0@Eigen@@$0A@V?$Stride@$0A@$0A@@2@@Eigen@@@2@$09$0?0$0A@@internal@Eigen@@SAXAEAV?$SwapWrapper@V?$Map@V?$Matrix@H$0?0$0?0$0A@$0?0$0?0@Eigen@@$0A@V?$Stride@$0A@$0A@@2@@Eigen@@@3@AEBV?$Transpose@V?$Map@V?$Matrix@H$0?0$0?0$0A@$0?0$0?0@Eigen@@$0A@V?$Stride@$0A@$0A@@2@@Eigen@@@3@@Z 000000018000a2d0 f i DIWU.obj
 0001:000093c0       ??$run@V?$Transpose@V?$Map@V?$Matrix@H$0?0$0?0$0A@$0?0$0?0@Eigen@@$0A@V?$Stride@$0A@$0A@@2@@Eigen@@@Eigen@@V?$Matrix@H$0?0$0?0$00$0?0$0?0@2@@?$unaligned_assign_impl@$0A@@internal@Eigen@@SAXAEBV?$Transpose@V?$Map@V?$Matrix@H$0?0$0?0$0A@$0?0$0?0@Eigen@@$0A@V?$Stride@$0A@$0A@@2@@Eigen@@@2@AEAV?$Matrix@H$0?0$0?0$00$0?0$0?0@2@_J2@Z 000000018000a3c0 f i DIWU.obj
 0001:000093f0       ?resize@?$DenseStorage@H$0?0$0?0$0?0$00@Eigen@@QEAAX_J00@Z 000000018000a3f0 f i DIWU.obj
 0001:00009490       ?_Tidy@?$deque@JV?$allocator@J@std@@@std@@IEAAXXZ 000000018000a490 f i tictoc.obj
 0001:00009530       ??1?$map@HW4mxClassID@@U?$less@H@std@@V?$allocator@U?$pair@$$CBHW4mxClassID@@@std@@@3@@std@@QEAA@XZ 000000018000a530 f i mex_opencv_2.4:MxArray.obj
 0001:00009530       ??1?$ConstMap@W4mxClassID@@H@@QEAA@XZ 000000018000a530 f i mex_opencv_2.4:MxArray.obj
 0001:00009530       ??1?$map@W4mxClassID@@HU?$less@W4mxClassID@@@std@@V?$allocator@U?$pair@$$CBW4mxClassID@@H@std@@@3@@std@@QEAA@XZ 000000018000a530 f i mex_opencv_2.4:MxArray.obj
 0001:00009530       ??1?$ConstMap@HW4mxClassID@@@@QEAA@XZ 000000018000a530 f i mex_opencv_2.4:MxArray.obj
 0001:00009560       ??1?$map@HV?$basic_string@DU?$char_traits@D@std@@V?$allocator@D@2@@std@@U?$less@H@2@V?$allocator@U?$pair@$$CBHV?$basic_string@DU?$char_traits@D@std@@V?$allocator@D@2@@std@@@std@@@2@@std@@QEAA@XZ 000000018000a560 f i mex_opencv_2.4:MxArray.obj
 0001:00009560       ??1?$ConstMap@HV?$basic_string@DU?$char_traits@D@std@@V?$allocator@D@2@@std@@@@QEAA@XZ 000000018000a560 f i mex_opencv_2.4:MxArray.obj
 0001:00009590       ??1?$ConstMap@V?$basic_string@DU?$char_traits@D@std@@V?$allocator@D@2@@std@@H@@QEAA@XZ 000000018000a590 f i mex_opencv_2.4:MxArray.obj
 0001:00009590       ??1?$map@V?$basic_string@DU?$char_traits@D@std@@V?$allocator@D@2@@std@@HU?$less@V?$basic_string@DU?$char_traits@D@std@@V?$allocator@D@2@@std@@@2@V?$allocator@U?$pair@$$CBV?$basic_string@DU?$char_traits@D@std@@V?$allocator@D@2@@std@@H@std@@@2@@std@@QEAA@XZ 000000018000a590 f i mex_opencv_2.4:MxArray.obj
 0001:000095c0       ?toString@MxArray@@QEBA?AV?$basic_string@DU?$char_traits@D@std@@V?$allocator@D@2@@std@@XZ 000000018000a5c0 f   mex_opencv_2.4:MxArray.obj
 0001:00009660       ?compare@?$basic_string@DU?$char_traits@D@std@@V?$allocator@D@2@@std@@QEBAHAEBV12@@Z 000000018000a660 f i mex_opencv_2.4:MxArray.obj
 0001:000096e0       ??1?$_Tree_comp@$0A@V?$_Tmap_traits@W4mxClassID@@HU?$less@W4mxClassID@@@std@@V?$allocator@U?$pair@$$CBW4mxClassID@@H@std@@@3@$0A@@std@@@std@@QEAA@XZ 000000018000a6e0 f i mex_opencv_2.4:MxArray.obj
 0001:000096e0       ??1?$_Tree_comp@$0A@V?$_Tmap_traits@HV?$basic_string@DU?$char_traits@D@std@@V?$allocator@D@2@@std@@U?$less@H@2@V?$allocator@U?$pair@$$CBHV?$basic_string@DU?$char_traits@D@std@@V?$allocator@D@2@@std@@@std@@@2@$0A@@std@@@std@@QEAA@XZ 000000018000a6e0 f i mex_opencv_2.4:MxArray.obj
 0001:000096e0       ??1?$_Tree_comp@$0A@V?$_Tmap_traits@HW4mxClassID@@U?$less@H@std@@V?$allocator@U?$pair@$$CBHW4mxClassID@@@std@@@3@$0A@@std@@@std@@QEAA@XZ 000000018000a6e0 f i mex_opencv_2.4:MxArray.obj
 0001:000096e0       ??1?$_Tree_comp@$0A@V?$_Tmap_traits@V?$basic_string@DU?$char_traits@D@std@@V?$allocator@D@2@@std@@HU?$less@V?$basic_string@DU?$char_traits@D@std@@V?$allocator@D@2@@std@@@2@V?$allocator@U?$pair@$$CBV?$basic_string@DU?$char_traits@D@std@@V?$allocator@D@2@@std@@H@std@@@2@$0A@@std@@@std@@QEAA@XZ 000000018000a6e0 f i mex_opencv_2.4:MxArray.obj
 0001:000096f0       ??0?$_Tree@V?$_Tmap_traits@V?$basic_string@DU?$char_traits@D@std@@V?$allocator@D@2@@std@@HU?$less@V?$basic_string@DU?$char_traits@D@std@@V?$allocator@D@2@@std@@@2@V?$allocator@U?$pair@$$CBV?$basic_string@DU?$char_traits@D@std@@V?$allocator@D@2@@std@@H@std@@@2@$0A@@std@@@std@@QEAA@AEBV01@AEBV?$allocator@U?$pair@$$CBV?$basic_string@DU?$char_traits@D@std@@V?$allocator@D@2@@std@@H@std@@@1@@Z 000000018000a6f0 f i mex_opencv_2.4:MxArray.obj
 0001:00009750       ??0?$_Tree@V?$_Tmap_traits@W4mxClassID@@HU?$less@W4mxClassID@@@std@@V?$allocator@U?$pair@$$CBW4mxClassID@@H@std@@@3@$0A@@std@@@std@@QEAA@AEBV01@AEBV?$allocator@U?$pair@$$CBW4mxClassID@@H@std@@@1@@Z 000000018000a750 f i mex_opencv_2.4:MxArray.obj
 0001:000097b0       ??0?$_Tree@V?$_Tmap_traits@HW4mxClassID@@U?$less@H@std@@V?$allocator@U?$pair@$$CBHW4mxClassID@@@std@@@3@$0A@@std@@@std@@QEAA@AEBV01@AEBV?$allocator@U?$pair@$$CBHW4mxClassID@@@std@@@1@@Z 000000018000a7b0 f i mex_opencv_2.4:MxArray.obj
 0001:00009810       ??0?$_Tree@V?$_Tmap_traits@HV?$basic_string@DU?$char_traits@D@std@@V?$allocator@D@2@@std@@U?$less@H@2@V?$allocator@U?$pair@$$CBHV?$basic_string@DU?$char_traits@D@std@@V?$allocator@D@2@@std@@@std@@@2@$0A@@std@@@std@@QEAA@AEBV01@AEBV?$allocator@U?$pair@$$CBHV?$basic_string@DU?$char_traits@D@std@@V?$allocator@D@2@@std@@@std@@@1@@Z 000000018000a810 f i mex_opencv_2.4:MxArray.obj
 0001:00009870       ?erase@?$_Tree@V?$_Tmap_traits@V?$basic_string@DU?$char_traits@D@std@@V?$allocator@D@2@@std@@HU?$less@V?$basic_string@DU?$char_traits@D@std@@V?$allocator@D@2@@std@@@2@V?$allocator@U?$pair@$$CBV?$basic_string@DU?$char_traits@D@std@@V?$allocator@D@2@@std@@H@std@@@2@$0A@@std@@@std@@QEAA?AV?$_Tree_iterator@V?$_Tree_val@U?$_Tree_simple_types@U?$pair@$$CBV?$basic_string@DU?$char_traits@D@std@@V?$allocator@D@2@@std@@H@std@@@std@@@std@@@2@V?$_Tree_const_iterator@V?$_Tree_val@U?$_Tree_simple_types@U?$pair@$$CBV?$basic_string@DU?$char_traits@D@std@@V?$allocator@D@2@@std@@H@std@@@std@@@std@@@2@0@Z 000000018000a870 f i mex_opencv_2.4:MxArray.obj
 0001:00009960       ?erase@?$_Tree@V?$_Tmap_traits@W4mxClassID@@HU?$less@W4mxClassID@@@std@@V?$allocator@U?$pair@$$CBW4mxClassID@@H@std@@@3@$0A@@std@@@std@@QEAA?AV?$_Tree_iterator@V?$_Tree_val@U?$_Tree_simple_types@U?$pair@$$CBW4mxClassID@@H@std@@@std@@@std@@@2@V?$_Tree_const_iterator@V?$_Tree_val@U?$_Tree_simple_types@U?$pair@$$CBW4mxClassID@@H@std@@@std@@@std@@@2@0@Z 000000018000a960 f i mex_opencv_2.4:MxArray.obj
 0001:00009960       ?erase@?$_Tree@V?$_Tmap_traits@HW4mxClassID@@U?$less@H@std@@V?$allocator@U?$pair@$$CBHW4mxClassID@@@std@@@3@$0A@@std@@@std@@QEAA?AV?$_Tree_iterator@V?$_Tree_val@U?$_Tree_simple_types@U?$pair@$$CBHW4mxClassID@@@std@@@std@@@std@@@2@V?$_Tree_const_iterator@V?$_Tree_val@U?$_Tree_simple_types@U?$pair@$$CBHW4mxClassID@@@std@@@std@@@std@@@2@0@Z 000000018000a960 f i mex_opencv_2.4:MxArray.obj
 0001:00009a90       ?erase@?$_Tree@V?$_Tmap_traits@HV?$basic_string@DU?$char_traits@D@std@@V?$allocator@D@2@@std@@U?$less@H@2@V?$allocator@U?$pair@$$CBHV?$basic_string@DU?$char_traits@D@std@@V?$allocator@D@2@@std@@@std@@@2@$0A@@std@@@std@@QEAA?AV?$_Tree_iterator@V?$_Tree_val@U?$_Tree_simple_types@U?$pair@$$CBHV?$basic_string@DU?$char_traits@D@std@@V?$allocator@D@2@@std@@@std@@@std@@@std@@@2@V?$_Tree_const_iterator@V?$_Tree_val@U?$_Tree_simple_types@U?$pair@$$CBHV?$basic_string@DU?$char_traits@D@std@@V?$allocator@D@2@@std@@@std@@@std@@@std@@@2@0@Z 000000018000aa90 f i mex_opencv_2.4:MxArray.obj
 0001:00009b80       ?erase@?$_Tree@V?$_Tmap_traits@V?$basic_string@DU?$char_traits@D@std@@V?$allocator@D@2@@std@@HU?$less@V?$basic_string@DU?$char_traits@D@std@@V?$allocator@D@2@@std@@@2@V?$allocator@U?$pair@$$CBV?$basic_string@DU?$char_traits@D@std@@V?$allocator@D@2@@std@@H@std@@@2@$0A@@std@@@std@@QEAA?AV?$_Tree_iterator@V?$_Tree_val@U?$_Tree_simple_types@U?$pair@$$CBV?$basic_string@DU?$char_traits@D@std@@V?$allocator@D@2@@std@@H@std@@@std@@@std@@@2@V?$_Tree_const_iterator@V?$_Tree_val@U?$_Tree_simple_types@U?$pair@$$CBV?$basic_string@DU?$char_traits@D@std@@V?$allocator@D@2@@std@@H@std@@@std@@@std@@@2@@Z 000000018000ab80 f i mex_opencv_2.4:MxArray.obj
 0001:0000a010       ?select_on_container_copy_construction@?$allocator@U?$_Tree_node@U?$pair@$$CBHW4mxClassID@@@std@@PEAX@std@@@std@@QEBA?AV12@XZ 000000018000b010 f i mex_opencv_2.4:MxArray.obj
 0001:0000a010       ?select_on_container_copy_construction@?$allocator@U?$_Tree_node@U?$pair@$$CBHV?$basic_string@DU?$char_traits@D@std@@V?$allocator@D@2@@std@@@std@@PEAX@std@@@std@@QEBA?AV12@XZ 000000018000b010 f i mex_opencv_2.4:MxArray.obj
 0001:0000a010       ?select_on_container_copy_construction@?$allocator@U?$_Tree_node@U?$pair@$$CBW4mxClassID@@H@std@@PEAX@std@@@std@@QEBA?AV12@XZ 000000018000b010 f i mex_opencv_2.4:MxArray.obj
 0001:0000a010       ?select_on_container_copy_construction@?$allocator@U?$_Tree_node@U?$pair@$$CBV?$basic_string@DU?$char_traits@D@std@@V?$allocator@D@2@@std@@H@std@@PEAX@std@@@std@@QEBA?AV12@XZ 000000018000b010 f i mex_opencv_2.4:MxArray.obj
 0001:0000a020       ?erase@?$_Tree@V?$_Tmap_traits@W4mxClassID@@HU?$less@W4mxClassID@@@std@@V?$allocator@U?$pair@$$CBW4mxClassID@@H@std@@@3@$0A@@std@@@std@@QEAA?AV?$_Tree_iterator@V?$_Tree_val@U?$_Tree_simple_types@U?$pair@$$CBW4mxClassID@@H@std@@@std@@@std@@@2@V?$_Tree_const_iterator@V?$_Tree_val@U?$_Tree_simple_types@U?$pair@$$CBW4mxClassID@@H@std@@@std@@@std@@@2@@Z 000000018000b020 f i mex_opencv_2.4:MxArray.obj
 0001:0000a020       ?erase@?$_Tree@V?$_Tmap_traits@HW4mxClassID@@U?$less@H@std@@V?$allocator@U?$pair@$$CBHW4mxClassID@@@std@@@3@$0A@@std@@@std@@QEAA?AV?$_Tree_iterator@V?$_Tree_val@U?$_Tree_simple_types@U?$pair@$$CBHW4mxClassID@@@std@@@std@@@std@@@2@V?$_Tree_const_iterator@V?$_Tree_val@U?$_Tree_simple_types@U?$pair@$$CBHW4mxClassID@@@std@@@std@@@std@@@2@@Z 000000018000b020 f i mex_opencv_2.4:MxArray.obj
 0001:0000a490       ?erase@?$_Tree@V?$_Tmap_traits@HV?$basic_string@DU?$char_traits@D@std@@V?$allocator@D@2@@std@@U?$less@H@2@V?$allocator@U?$pair@$$CBHV?$basic_string@DU?$char_traits@D@std@@V?$allocator@D@2@@std@@@std@@@2@$0A@@std@@@std@@QEAA?AV?$_Tree_iterator@V?$_Tree_val@U?$_Tree_simple_types@U?$pair@$$CBHV?$basic_string@DU?$char_traits@D@std@@V?$allocator@D@2@@std@@@std@@@std@@@std@@@2@V?$_Tree_const_iterator@V?$_Tree_val@U?$_Tree_simple_types@U?$pair@$$CBHV?$basic_string@DU?$char_traits@D@std@@V?$allocator@D@2@@std@@@std@@@std@@@std@@@2@@Z 000000018000b490 f i mex_opencv_2.4:MxArray.obj
 0001:0000a920       ?_Erase@?$_Tree@V?$_Tmap_traits@V?$basic_string@DU?$char_traits@D@std@@V?$allocator@D@2@@std@@HU?$less@V?$basic_string@DU?$char_traits@D@std@@V?$allocator@D@2@@std@@@2@V?$allocator@U?$pair@$$CBV?$basic_string@DU?$char_traits@D@std@@V?$allocator@D@2@@std@@H@std@@@2@$0A@@std@@@std@@IEAAXPEAU?$_Tree_node@U?$pair@$$CBV?$basic_string@DU?$char_traits@D@std@@V?$allocator@D@2@@std@@H@std@@PEAX@2@@Z 000000018000b920 f i mex_opencv_2.4:MxArray.obj
 0001:0000a9b0       ?_Lrotate@?$_Tree@V?$_Tmap_traits@HV?$basic_string@DU?$char_traits@D@std@@V?$allocator@D@2@@std@@U?$less@H@2@V?$allocator@U?$pair@$$CBHV?$basic_string@DU?$char_traits@D@std@@V?$allocator@D@2@@std@@@std@@@2@$0A@@std@@@std@@IEAAXPEAU?$_Tree_node@U?$pair@$$CBHV?$basic_string@DU?$char_traits@D@std@@V?$allocator@D@2@@std@@@std@@PEAX@2@@Z 000000018000b9b0 f i mex_opencv_2.4:MxArray.obj
 0001:0000a9b0       ?_Lrotate@?$_Tree@V?$_Tmap_traits@W4mxClassID@@HU?$less@W4mxClassID@@@std@@V?$allocator@U?$pair@$$CBW4mxClassID@@H@std@@@3@$0A@@std@@@std@@IEAAXPEAU?$_Tree_node@U?$pair@$$CBW4mxClassID@@H@std@@PEAX@2@@Z 000000018000b9b0 f i mex_opencv_2.4:MxArray.obj
 0001:0000a9b0       ?_Lrotate@?$_Tree@V?$_Tmap_traits@HW4mxClassID@@U?$less@H@std@@V?$allocator@U?$pair@$$CBHW4mxClassID@@@std@@@3@$0A@@std@@@std@@IEAAXPEAU?$_Tree_node@U?$pair@$$CBHW4mxClassID@@@std@@PEAX@2@@Z 000000018000b9b0 f i mex_opencv_2.4:MxArray.obj
 0001:0000a9b0       ?_Lrotate@?$_Tree@V?$_Tmap_traits@V?$basic_string@DU?$char_traits@D@std@@V?$allocator@D@2@@std@@HU?$less@V?$basic_string@DU?$char_traits@D@std@@V?$allocator@D@2@@std@@@2@V?$allocator@U?$pair@$$CBV?$basic_string@DU?$char_traits@D@std@@V?$allocator@D@2@@std@@H@std@@@2@$0A@@std@@@std@@IEAAXPEAU?$_Tree_node@U?$pair@$$CBV?$basic_string@DU?$char_traits@D@std@@V?$allocator@D@2@@std@@H@std@@PEAX@2@@Z 000000018000b9b0 f i mex_opencv_2.4:MxArray.obj
 0001:0000aa10       ?_Rrotate@?$_Tree@V?$_Tmap_traits@HV?$basic_string@DU?$char_traits@D@std@@V?$allocator@D@2@@std@@U?$less@H@2@V?$allocator@U?$pair@$$CBHV?$basic_string@DU?$char_traits@D@std@@V?$allocator@D@2@@std@@@std@@@2@$0A@@std@@@std@@IEAAXPEAU?$_Tree_node@U?$pair@$$CBHV?$basic_string@DU?$char_traits@D@std@@V?$allocator@D@2@@std@@@std@@PEAX@2@@Z 000000018000ba10 f i mex_opencv_2.4:MxArray.obj
 0001:0000aa10       ?_Rrotate@?$_Tree@V?$_Tmap_traits@V?$basic_string@DU?$char_traits@D@std@@V?$allocator@D@2@@std@@HU?$less@V?$basic_string@DU?$char_traits@D@std@@V?$allocator@D@2@@std@@@2@V?$allocator@U?$pair@$$CBV?$basic_string@DU?$char_traits@D@std@@V?$allocator@D@2@@std@@H@std@@@2@$0A@@std@@@std@@IEAAXPEAU?$_Tree_node@U?$pair@$$CBV?$basic_string@DU?$char_traits@D@std@@V?$allocator@D@2@@std@@H@std@@PEAX@2@@Z 000000018000ba10 f i mex_opencv_2.4:MxArray.obj
 0001:0000aa10       ?_Rrotate@?$_Tree@V?$_Tmap_traits@HW4mxClassID@@U?$less@H@std@@V?$allocator@U?$pair@$$CBHW4mxClassID@@@std@@@3@$0A@@std@@@std@@IEAAXPEAU?$_Tree_node@U?$pair@$$CBHW4mxClassID@@@std@@PEAX@2@@Z 000000018000ba10 f i mex_opencv_2.4:MxArray.obj
 0001:0000aa10       ?_Rrotate@?$_Tree@V?$_Tmap_traits@W4mxClassID@@HU?$less@W4mxClassID@@@std@@V?$allocator@U?$pair@$$CBW4mxClassID@@H@std@@@3@$0A@@std@@@std@@IEAAXPEAU?$_Tree_node@U?$pair@$$CBW4mxClassID@@H@std@@PEAX@2@@Z 000000018000ba10 f i mex_opencv_2.4:MxArray.obj
 0001:0000aa70       ?_Erase@?$_Tree@V?$_Tmap_traits@HW4mxClassID@@U?$less@H@std@@V?$allocator@U?$pair@$$CBHW4mxClassID@@@std@@@3@$0A@@std@@@std@@IEAAXPEAU?$_Tree_node@U?$pair@$$CBHW4mxClassID@@@std@@PEAX@2@@Z 000000018000ba70 f i mex_opencv_2.4:MxArray.obj
 0001:0000aa70       ?_Erase@?$_Tree@V?$_Tmap_traits@W4mxClassID@@HU?$less@W4mxClassID@@@std@@V?$allocator@U?$pair@$$CBW4mxClassID@@H@std@@@3@$0A@@std@@@std@@IEAAXPEAU?$_Tree_node@U?$pair@$$CBW4mxClassID@@H@std@@PEAX@2@@Z 000000018000ba70 f i mex_opencv_2.4:MxArray.obj
 0001:0000aad0       ?_Erase@?$_Tree@V?$_Tmap_traits@HV?$basic_string@DU?$char_traits@D@std@@V?$allocator@D@2@@std@@U?$less@H@2@V?$allocator@U?$pair@$$CBHV?$basic_string@DU?$char_traits@D@std@@V?$allocator@D@2@@std@@@std@@@2@$0A@@std@@@std@@IEAAXPEAU?$_Tree_node@U?$pair@$$CBHV?$basic_string@DU?$char_traits@D@std@@V?$allocator@D@2@@std@@@std@@PEAX@2@@Z 000000018000bad0 f i mex_opencv_2.4:MxArray.obj
 0001:0000ab60       ?_Buyheadnode@?$_Tree_alloc@$0A@U?$_Tree_base_types@U?$pair@$$CBHV?$basic_string@DU?$char_traits@D@std@@V?$allocator@D@2@@std@@@std@@V?$allocator@U?$pair@$$CBHV?$basic_string@DU?$char_traits@D@std@@V?$allocator@D@2@@std@@@std@@@2@@std@@@std@@QEAAPEAU?$_Tree_node@U?$pair@$$CBHV?$basic_string@DU?$char_traits@D@std@@V?$allocator@D@2@@std@@@std@@PEAX@2@XZ 000000018000bb60 f i mex_opencv_2.4:MxArray.obj
 0001:0000ab60       ?_Buyheadnode@?$_Tree_alloc@$0A@U?$_Tree_base_types@U?$pair@$$CBV?$basic_string@DU?$char_traits@D@std@@V?$allocator@D@2@@std@@H@std@@V?$allocator@U?$pair@$$CBV?$basic_string@DU?$char_traits@D@std@@V?$allocator@D@2@@std@@H@std@@@2@@std@@@std@@QEAAPEAU?$_Tree_node@U?$pair@$$CBV?$basic_string@DU?$char_traits@D@std@@V?$allocator@D@2@@std@@H@std@@PEAX@2@XZ 000000018000bb60 f i mex_opencv_2.4:MxArray.obj
 0001:0000abb0       ?_Buyheadnode@?$_Tree_alloc@$0A@U?$_Tree_base_types@U?$pair@$$CBW4mxClassID@@H@std@@V?$allocator@U?$pair@$$CBW4mxClassID@@H@std@@@2@@std@@@std@@QEAAPEAU?$_Tree_node@U?$pair@$$CBW4mxClassID@@H@std@@PEAX@2@XZ 000000018000bbb0 f i mex_opencv_2.4:MxArray.obj
 0001:0000abb0       ?_Buyheadnode@?$_Tree_alloc@$0A@U?$_Tree_base_types@U?$pair@$$CBHW4mxClassID@@@std@@V?$allocator@U?$pair@$$CBHW4mxClassID@@@std@@@2@@std@@@std@@QEAAPEAU?$_Tree_node@U?$pair@$$CBHW4mxClassID@@@std@@PEAX@2@XZ 000000018000bbb0 f i mex_opencv_2.4:MxArray.obj
 0001:0000ac00       ??$at@H@MxArray@@QEBAH_K@Z 000000018000bc00 f i mex_opencv_2.4:MxArray.obj
 0001:0000ad60       ??$at@N@MxArray@@QEBAN_K@Z 000000018000bd60 f i mex_opencv_2.4:MxArray.obj
 0001:0000af60       ??$_Copy@U?$integral_constant@_N$0A@@std@@@?$_Tree@V?$_Tmap_traits@V?$basic_string@DU?$char_traits@D@std@@V?$allocator@D@2@@std@@HU?$less@V?$basic_string@DU?$char_traits@D@std@@V?$allocator@D@2@@std@@@2@V?$allocator@U?$pair@$$CBV?$basic_string@DU?$char_traits@D@std@@V?$allocator@D@2@@std@@H@std@@@2@$0A@@std@@@std@@IEAAXAEBV01@U?$integral_constant@_N$0A@@1@@Z 000000018000bf60 f i mex_opencv_2.4:MxArray.obj
 0001:0000b030       ??$_Copy@U?$integral_constant@_N$0A@@std@@@?$_Tree@V?$_Tmap_traits@W4mxClassID@@HU?$less@W4mxClassID@@@std@@V?$allocator@U?$pair@$$CBW4mxClassID@@H@std@@@3@$0A@@std@@@std@@IEAAXAEBV01@U?$integral_constant@_N$0A@@1@@Z 000000018000c030 f i mex_opencv_2.4:MxArray.obj
 0001:0000b100       ??$_Copy@U?$integral_constant@_N$0A@@std@@@?$_Tree@V?$_Tmap_traits@HW4mxClassID@@U?$less@H@std@@V?$allocator@U?$pair@$$CBHW4mxClassID@@@std@@@3@$0A@@std@@@std@@IEAAXAEBV01@U?$integral_constant@_N$0A@@1@@Z 000000018000c100 f i mex_opencv_2.4:MxArray.obj
 0001:0000b1d0       ??$_Copy@U?$integral_constant@_N$0A@@std@@@?$_Tree@V?$_Tmap_traits@HV?$basic_string@DU?$char_traits@D@std@@V?$allocator@D@2@@std@@U?$less@H@2@V?$allocator@U?$pair@$$CBHV?$basic_string@DU?$char_traits@D@std@@V?$allocator@D@2@@std@@@std@@@2@$0A@@std@@@std@@IEAAXAEBV01@U?$integral_constant@_N$0A@@1@@Z 000000018000c1d0 f i mex_opencv_2.4:MxArray.obj
 0001:0000b2a0       ??$_Buynode@AEBUpiecewise_construct_t@std@@V?$tuple@AEBV?$basic_string@DU?$char_traits@D@std@@V?$allocator@D@2@@std@@@2@V?$tuple@$$$V@2@@?$_Tree_buy@U?$pair@$$CBV?$basic_string@DU?$char_traits@D@std@@V?$allocator@D@2@@std@@H@std@@V?$allocator@U?$pair@$$CBV?$basic_string@DU?$char_traits@D@std@@V?$allocator@D@2@@std@@H@std@@@2@@std@@QEAAPEAU?$_Tree_node@U?$pair@$$CBV?$basic_string@DU?$char_traits@D@std@@V?$allocator@D@2@@std@@H@std@@PEAX@1@AEBUpiecewise_construct_t@1@$$QEAV?$tuple@AEBV?$basic_string@DU?$char_traits@D@std@@V?$allocator@D@2@@std@@@1@$$QEAV?$tuple@$$$V@1@@Z 000000018000c2a0 f i mex_opencv_2.4:MxArray.obj
 0001:0000b330       ??$_Insert_hint@AEAU?$pair@$$CBV?$basic_string@DU?$char_traits@D@std@@V?$allocator@D@2@@std@@H@std@@PEAU?$_Tree_node@U?$pair@$$CBV?$basic_string@DU?$char_traits@D@std@@V?$allocator@D@2@@std@@H@std@@PEAX@2@@?$_Tree@V?$_Tmap_traits@V?$basic_string@DU?$char_traits@D@std@@V?$allocator@D@2@@std@@HU?$less@V?$basic_string@DU?$char_traits@D@std@@V?$allocator@D@2@@std@@@2@V?$allocator@U?$pair@$$CBV?$basic_string@DU?$char_traits@D@std@@V?$allocator@D@2@@std@@H@std@@@2@$0A@@std@@@std@@IEAA?AV?$_Tree_iterator@V?$_Tree_val@U?$_Tree_simple_types@U?$pair@$$CBV?$basic_string@DU?$char_traits@D@std@@V?$allocator@D@2@@std@@H@std@@@std@@@std@@@1@V?$_Tree_const_iterator@V?$_Tree_val@U?$_Tree_simple_types@U?$pair@$$CBV?$basic_string@DU?$char_traits@D@std@@V?$allocator@D@2@@std@@H@std@@@std@@@std@@@1@AEAU?$pair@$$CBV?$basic_string@DU?$char_traits@D@std@@V?$allocator@D@2@@std@@H@1@PEAU?$_Tree_node@U?$pair@$$CBV?$basic_string@DU?$char_traits@D@std@@V?$allocator@D@2@@std@@H@std@@PEAX@1@@Z 000000018000c330 f i mex_opencv_2.4:MxArray.obj
 0001:0000b5c0       ??$_Copy_nodes@U?$integral_constant@_N$0A@@std@@@?$_Tree@V?$_Tmap_traits@V?$basic_string@DU?$char_traits@D@std@@V?$allocator@D@2@@std@@HU?$less@V?$basic_string@DU?$char_traits@D@std@@V?$allocator@D@2@@std@@@2@V?$allocator@U?$pair@$$CBV?$basic_string@DU?$char_traits@D@std@@V?$allocator@D@2@@std@@H@std@@@2@$0A@@std@@@std@@IEAAPEAU?$_Tree_node@U?$pair@$$CBV?$basic_string@DU?$char_traits@D@std@@V?$allocator@D@2@@std@@H@std@@PEAX@1@PEAU21@0U?$integral_constant@_N$0A@@1@@Z 000000018000c5c0 f i mex_opencv_2.4:MxArray.obj
 0001:0000b660       ??$_Buynode@AEBUpiecewise_construct_t@std@@V?$tuple@AEBW4mxClassID@@@2@V?$tuple@$$$V@2@@?$_Tree_buy@U?$pair@$$CBW4mxClassID@@H@std@@V?$allocator@U?$pair@$$CBW4mxClassID@@H@std@@@2@@std@@QEAAPEAU?$_Tree_node@U?$pair@$$CBW4mxClassID@@H@std@@PEAX@1@AEBUpiecewise_construct_t@1@$$QEAV?$tuple@AEBW4mxClassID@@@1@$$QEAV?$tuple@$$$V@1@@Z 000000018000c660 f i mex_opencv_2.4:MxArray.obj
 0001:0000b660       ??$_Buynode@AEBUpiecewise_construct_t@std@@V?$tuple@AEBH@2@V?$tuple@$$$V@2@@?$_Tree_buy@U?$pair@$$CBHW4mxClassID@@@std@@V?$allocator@U?$pair@$$CBHW4mxClassID@@@std@@@2@@std@@QEAAPEAU?$_Tree_node@U?$pair@$$CBHW4mxClassID@@@std@@PEAX@1@AEBUpiecewise_construct_t@1@$$QEAV?$tuple@AEBH@1@$$QEAV?$tuple@$$$V@1@@Z 000000018000c660 f i mex_opencv_2.4:MxArray.obj
 0001:0000b6a0       ??$_Insert_hint@AEAU?$pair@$$CBHW4mxClassID@@@std@@PEAU?$_Tree_node@U?$pair@$$CBHW4mxClassID@@@std@@PEAX@2@@?$_Tree@V?$_Tmap_traits@HW4mxClassID@@U?$less@H@std@@V?$allocator@U?$pair@$$CBHW4mxClassID@@@std@@@3@$0A@@std@@@std@@IEAA?AV?$_Tree_iterator@V?$_Tree_val@U?$_Tree_simple_types@U?$pair@$$CBHW4mxClassID@@@std@@@std@@@std@@@1@V?$_Tree_const_iterator@V?$_Tree_val@U?$_Tree_simple_types@U?$pair@$$CBHW4mxClassID@@@std@@@std@@@std@@@1@AEAU?$pair@$$CBHW4mxClassID@@@1@PEAU?$_Tree_node@U?$pair@$$CBHW4mxClassID@@@std@@PEAX@1@@Z 000000018000c6a0 f i mex_opencv_2.4:MxArray.obj
 0001:0000b6a0       ??$_Insert_hint@AEAU?$pair@$$CBW4mxClassID@@H@std@@PEAU?$_Tree_node@U?$pair@$$CBW4mxClassID@@H@std@@PEAX@2@@?$_Tree@V?$_Tmap_traits@W4mxClassID@@HU?$less@W4mxClassID@@@std@@V?$allocator@U?$pair@$$CBW4mxClassID@@H@std@@@3@$0A@@std@@@std@@IEAA?AV?$_Tree_iterator@V?$_Tree_val@U?$_Tree_simple_types@U?$pair@$$CBW4mxClassID@@H@std@@@std@@@std@@@1@V?$_Tree_const_iterator@V?$_Tree_val@U?$_Tree_simple_types@U?$pair@$$CBW4mxClassID@@H@std@@@std@@@std@@@1@AEAU?$pair@$$CBW4mxClassID@@H@1@PEAU?$_Tree_node@U?$pair@$$CBW4mxClassID@@H@std@@PEAX@1@@Z 000000018000c6a0 f i mex_opencv_2.4:MxArray.obj
 0001:0000b8d0       ??$_Copy_nodes@U?$integral_constant@_N$0A@@std@@@?$_Tree@V?$_Tmap_traits@HW4mxClassID@@U?$less@H@std@@V?$allocator@U?$pair@$$CBHW4mxClassID@@@std@@@3@$0A@@std@@@std@@IEAAPEAU?$_Tree_node@U?$pair@$$CBHW4mxClassID@@@std@@PEAX@1@PEAU21@0U?$integral_constant@_N$0A@@1@@Z 000000018000c8d0 f i mex_opencv_2.4:MxArray.obj
 0001:0000b8d0       ??$_Copy_nodes@U?$integral_constant@_N$0A@@std@@@?$_Tree@V?$_Tmap_traits@W4mxClassID@@HU?$less@W4mxClassID@@@std@@V?$allocator@U?$pair@$$CBW4mxClassID@@H@std@@@3@$0A@@std@@@std@@IEAAPEAU?$_Tree_node@U?$pair@$$CBW4mxClassID@@H@std@@PEAX@1@PEAU21@0U?$integral_constant@_N$0A@@1@@Z 000000018000c8d0 f i mex_opencv_2.4:MxArray.obj
 0001:0000b970       ??$_Buynode@AEBUpiecewise_construct_t@std@@V?$tuple@AEBH@2@V?$tuple@$$$V@2@@?$_Tree_buy@U?$pair@$$CBHV?$basic_string@DU?$char_traits@D@std@@V?$allocator@D@2@@std@@@std@@V?$allocator@U?$pair@$$CBHV?$basic_string@DU?$char_traits@D@std@@V?$allocator@D@2@@std@@@std@@@2@@std@@QEAAPEAU?$_Tree_node@U?$pair@$$CBHV?$basic_string@DU?$char_traits@D@std@@V?$allocator@D@2@@std@@@std@@PEAX@1@AEBUpiecewise_construct_t@1@$$QEAV?$tuple@AEBH@1@$$QEAV?$tuple@$$$V@1@@Z 000000018000c970 f i mex_opencv_2.4:MxArray.obj
 0001:0000b9b0       ??$_Insert_hint@AEAU?$pair@$$CBHV?$basic_string@DU?$char_traits@D@std@@V?$allocator@D@2@@std@@@std@@PEAU?$_Tree_node@U?$pair@$$CBHV?$basic_string@DU?$char_traits@D@std@@V?$allocator@D@2@@std@@@std@@PEAX@2@@?$_Tree@V?$_Tmap_traits@HV?$basic_string@DU?$char_traits@D@std@@V?$allocator@D@2@@std@@U?$less@H@2@V?$allocator@U?$pair@$$CBHV?$basic_string@DU?$char_traits@D@std@@V?$allocator@D@2@@std@@@std@@@2@$0A@@std@@@std@@IEAA?AV?$_Tree_iterator@V?$_Tree_val@U?$_Tree_simple_types@U?$pair@$$CBHV?$basic_string@DU?$char_traits@D@std@@V?$allocator@D@2@@std@@@std@@@std@@@std@@@1@V?$_Tree_const_iterator@V?$_Tree_val@U?$_Tree_simple_types@U?$pair@$$CBHV?$basic_string@DU?$char_traits@D@std@@V?$allocator@D@2@@std@@@std@@@std@@@std@@@1@AEAU?$pair@$$CBHV?$basic_string@DU?$char_traits@D@std@@V?$allocator@D@2@@std@@@1@PEAU?$_Tree_node@U?$pair@$$CBHV?$basic_string@DU?$char_traits@D@std@@V?$allocator@D@2@@std@@@std@@PEAX@1@@Z 000000018000c9b0 f i mex_opencv_2.4:MxArray.obj
 0001:0000bbe0       ??$_Copy_nodes@U?$integral_constant@_N$0A@@std@@@?$_Tree@V?$_Tmap_traits@HV?$basic_string@DU?$char_traits@D@std@@V?$allocator@D@2@@std@@U?$less@H@2@V?$allocator@U?$pair@$$CBHV?$basic_string@DU?$char_traits@D@std@@V?$allocator@D@2@@std@@@std@@@2@$0A@@std@@@std@@IEAAPEAU?$_Tree_node@U?$pair@$$CBHV?$basic_string@DU?$char_traits@D@std@@V?$allocator@D@2@@std@@@std@@PEAX@1@PEAU21@0U?$integral_constant@_N$0A@@1@@Z 000000018000cbe0 f i mex_opencv_2.4:MxArray.obj
 0001:0000bc80       ?_Destroy_if_not_nil@?$_Tree@V?$_Tmap_traits@V?$basic_string@DU?$char_traits@D@std@@V?$allocator@D@2@@std@@HU?$less@V?$basic_string@DU?$char_traits@D@std@@V?$allocator@D@2@@std@@@2@V?$allocator@U?$pair@$$CBV?$basic_string@DU?$char_traits@D@std@@V?$allocator@D@2@@std@@H@std@@@2@$0A@@std@@@std@@IEAAXPEAU?$_Tree_node@U?$pair@$$CBV?$basic_string@DU?$char_traits@D@std@@V?$allocator@D@2@@std@@H@std@@PEAX@2@@Z 000000018000cc80 f i mex_opencv_2.4:MxArray.obj
 0001:0000bcc0       ?_Buynode0@?$_Tree_buy@U?$pair@$$CBHV?$basic_string@DU?$char_traits@D@std@@V?$allocator@D@2@@std@@@std@@V?$allocator@U?$pair@$$CBHV?$basic_string@DU?$char_traits@D@std@@V?$allocator@D@2@@std@@@std@@@2@@std@@QEAAPEAU?$_Tree_node@U?$pair@$$CBHV?$basic_string@DU?$char_traits@D@std@@V?$allocator@D@2@@std@@@std@@PEAX@2@XZ 000000018000ccc0 f i mex_opencv_2.4:MxArray.obj
 0001:0000bcc0       ?_Buynode0@?$_Tree_buy@U?$pair@$$CBV?$basic_string@DU?$char_traits@D@std@@V?$allocator@D@2@@std@@H@std@@V?$allocator@U?$pair@$$CBV?$basic_string@DU?$char_traits@D@std@@V?$allocator@D@2@@std@@H@std@@@2@@std@@QEAAPEAU?$_Tree_node@U?$pair@$$CBV?$basic_string@DU?$char_traits@D@std@@V?$allocator@D@2@@std@@H@std@@PEAX@2@XZ 000000018000ccc0 f i mex_opencv_2.4:MxArray.obj
 0001:0000bd10       ?_Buynode0@?$_Tree_buy@U?$pair@$$CBW4mxClassID@@H@std@@V?$allocator@U?$pair@$$CBW4mxClassID@@H@std@@@2@@std@@QEAAPEAU?$_Tree_node@U?$pair@$$CBW4mxClassID@@H@std@@PEAX@2@XZ 000000018000cd10 f i mex_opencv_2.4:MxArray.obj
 0001:0000bd10       ?_Buynode0@?$_Tree_buy@U?$pair@$$CBHW4mxClassID@@@std@@V?$allocator@U?$pair@$$CBHW4mxClassID@@@std@@@2@@std@@QEAAPEAU?$_Tree_node@U?$pair@$$CBHW4mxClassID@@@std@@PEAX@2@XZ 000000018000cd10 f i mex_opencv_2.4:MxArray.obj
 0001:0000bd60       ?_Destroy_if_not_nil@?$_Tree@V?$_Tmap_traits@HV?$basic_string@DU?$char_traits@D@std@@V?$allocator@D@2@@std@@U?$less@H@2@V?$allocator@U?$pair@$$CBHV?$basic_string@DU?$char_traits@D@std@@V?$allocator@D@2@@std@@@std@@@2@$0A@@std@@@std@@IEAAXPEAU?$_Tree_node@U?$pair@$$CBHV?$basic_string@DU?$char_traits@D@std@@V?$allocator@D@2@@std@@@std@@PEAX@2@@Z 000000018000cd60 f i mex_opencv_2.4:MxArray.obj
 0001:0000bda0       ??$_Insert_at@AEAU?$pair@$$CBV?$basic_string@DU?$char_traits@D@std@@V?$allocator@D@2@@std@@H@std@@PEAU?$_Tree_node@U?$pair@$$CBV?$basic_string@DU?$char_traits@D@std@@V?$allocator@D@2@@std@@H@std@@PEAX@2@@?$_Tree@V?$_Tmap_traits@V?$basic_string@DU?$char_traits@D@std@@V?$allocator@D@2@@std@@HU?$less@V?$basic_string@DU?$char_traits@D@std@@V?$allocator@D@2@@std@@@2@V?$allocator@U?$pair@$$CBV?$basic_string@DU?$char_traits@D@std@@V?$allocator@D@2@@std@@H@std@@@2@$0A@@std@@@std@@IEAA?AV?$_Tree_iterator@V?$_Tree_val@U?$_Tree_simple_types@U?$pair@$$CBV?$basic_string@DU?$char_traits@D@std@@V?$allocator@D@2@@std@@H@std@@@std@@@std@@@1@_NPEAU?$_Tree_node@U?$pair@$$CBV?$basic_string@DU?$char_traits@D@std@@V?$allocator@D@2@@std@@H@std@@PEAX@1@AEAU?$pair@$$CBV?$basic_string@DU?$char_traits@D@std@@V?$allocator@D@2@@std@@H@1@1@Z 000000018000cda0 f i mex_opencv_2.4:MxArray.obj
 0001:0000c070       ??$_Insert_nohint@AEAU?$pair@$$CBV?$basic_string@DU?$char_traits@D@std@@V?$allocator@D@2@@std@@H@std@@PEAU?$_Tree_node@U?$pair@$$CBV?$basic_string@DU?$char_traits@D@std@@V?$allocator@D@2@@std@@H@std@@PEAX@2@@?$_Tree@V?$_Tmap_traits@V?$basic_string@DU?$char_traits@D@std@@V?$allocator@D@2@@std@@HU?$less@V?$basic_string@DU?$char_traits@D@std@@V?$allocator@D@2@@std@@@2@V?$allocator@U?$pair@$$CBV?$basic_string@DU?$char_traits@D@std@@V?$allocator@D@2@@std@@H@std@@@2@$0A@@std@@@std@@IEAA?AU?$pair@V?$_Tree_iterator@V?$_Tree_val@U?$_Tree_simple_types@U?$pair@$$CBV?$basic_string@DU?$char_traits@D@std@@V?$allocator@D@2@@std@@H@std@@@std@@@std@@@std@@_N@1@_NAEAU?$pair@$$CBV?$basic_string@DU?$char_traits@D@std@@V?$allocator@D@2@@std@@H@1@PEAU?$_Tree_node@U?$pair@$$CBV?$basic_string@DU?$char_traits@D@std@@V?$allocator@D@2@@std@@H@std@@PEAX@1@@Z 000000018000d070 f i mex_opencv_2.4:MxArray.obj
 0001:0000c280       ??$_Insert_at@AEAU?$pair@$$CBW4mxClassID@@H@std@@PEAU?$_Tree_node@U?$pair@$$CBW4mxClassID@@H@std@@PEAX@2@@?$_Tree@V?$_Tmap_traits@W4mxClassID@@HU?$less@W4mxClassID@@@std@@V?$allocator@U?$pair@$$CBW4mxClassID@@H@std@@@3@$0A@@std@@@std@@IEAA?AV?$_Tree_iterator@V?$_Tree_val@U?$_Tree_simple_types@U?$pair@$$CBW4mxClassID@@H@std@@@std@@@std@@@1@_NPEAU?$_Tree_node@U?$pair@$$CBW4mxClassID@@H@std@@PEAX@1@AEAU?$pair@$$CBW4mxClassID@@H@1@1@Z 000000018000d280 f i mex_opencv_2.4:MxArray.obj
 0001:0000c280       ??$_Insert_at@AEAU?$pair@$$CBHW4mxClassID@@@std@@PEAU?$_Tree_node@U?$pair@$$CBHW4mxClassID@@@std@@PEAX@2@@?$_Tree@V?$_Tmap_traits@HW4mxClassID@@U?$less@H@std@@V?$allocator@U?$pair@$$CBHW4mxClassID@@@std@@@3@$0A@@std@@@std@@IEAA?AV?$_Tree_iterator@V?$_Tree_val@U?$_Tree_simple_types@U?$pair@$$CBHW4mxClassID@@@std@@@std@@@std@@@1@_NPEAU?$_Tree_node@U?$pair@$$CBHW4mxClassID@@@std@@PEAX@1@AEAU?$pair@$$CBHW4mxClassID@@@1@1@Z 000000018000d280 f i mex_opencv_2.4:MxArray.obj
 0001:0000c530       ??$_Insert_nohint@AEAU?$pair@$$CBHW4mxClassID@@@std@@PEAU?$_Tree_node@U?$pair@$$CBHW4mxClassID@@@std@@PEAX@2@@?$_Tree@V?$_Tmap_traits@HW4mxClassID@@U?$less@H@std@@V?$allocator@U?$pair@$$CBHW4mxClassID@@@std@@@3@$0A@@std@@@std@@IEAA?AU?$pair@V?$_Tree_iterator@V?$_Tree_val@U?$_Tree_simple_types@U?$pair@$$CBHW4mxClassID@@@std@@@std@@@std@@@std@@_N@1@_NAEAU?$pair@$$CBHW4mxClassID@@@1@PEAU?$_Tree_node@U?$pair@$$CBHW4mxClassID@@@std@@PEAX@1@@Z 000000018000d530 f i mex_opencv_2.4:MxArray.obj
 0001:0000c530       ??$_Insert_nohint@AEAU?$pair@$$CBW4mxClassID@@H@std@@PEAU?$_Tree_node@U?$pair@$$CBW4mxClassID@@H@std@@PEAX@2@@?$_Tree@V?$_Tmap_traits@W4mxClassID@@HU?$less@W4mxClassID@@@std@@V?$allocator@U?$pair@$$CBW4mxClassID@@H@std@@@3@$0A@@std@@@std@@IEAA?AU?$pair@V?$_Tree_iterator@V?$_Tree_val@U?$_Tree_simple_types@U?$pair@$$CBW4mxClassID@@H@std@@@std@@@std@@@std@@_N@1@_NAEAU?$pair@$$CBW4mxClassID@@H@1@PEAU?$_Tree_node@U?$pair@$$CBW4mxClassID@@H@std@@PEAX@1@@Z 000000018000d530 f i mex_opencv_2.4:MxArray.obj
 0001:0000c690       ??$_Insert_at@AEAU?$pair@$$CBHV?$basic_string@DU?$char_traits@D@std@@V?$allocator@D@2@@std@@@std@@PEAU?$_Tree_node@U?$pair@$$CBHV?$basic_string@DU?$char_traits@D@std@@V?$allocator@D@2@@std@@@std@@PEAX@2@@?$_Tree@V?$_Tmap_traits@HV?$basic_string@DU?$char_traits@D@std@@V?$allocator@D@2@@std@@U?$less@H@2@V?$allocator@U?$pair@$$CBHV?$basic_string@DU?$char_traits@D@std@@V?$allocator@D@2@@std@@@std@@@2@$0A@@std@@@std@@IEAA?AV?$_Tree_iterator@V?$_Tree_val@U?$_Tree_simple_types@U?$pair@$$CBHV?$basic_string@DU?$char_traits@D@std@@V?$allocator@D@2@@std@@@std@@@std@@@std@@@1@_NPEAU?$_Tree_node@U?$pair@$$CBHV?$basic_string@DU?$char_traits@D@std@@V?$allocator@D@2@@std@@@std@@PEAX@1@AEAU?$pair@$$CBHV?$basic_string@DU?$char_traits@D@std@@V?$allocator@D@2@@std@@@1@1@Z 000000018000d690 f i mex_opencv_2.4:MxArray.obj
 0001:0000c960       ??$_Insert_nohint@AEAU?$pair@$$CBHV?$basic_string@DU?$char_traits@D@std@@V?$allocator@D@2@@std@@@std@@PEAU?$_Tree_node@U?$pair@$$CBHV?$basic_string@DU?$char_traits@D@std@@V?$allocator@D@2@@std@@@std@@PEAX@2@@?$_Tree@V?$_Tmap_traits@HV?$basic_string@DU?$char_traits@D@std@@V?$allocator@D@2@@std@@U?$less@H@2@V?$allocator@U?$pair@$$CBHV?$basic_string@DU?$char_traits@D@std@@V?$allocator@D@2@@std@@@std@@@2@$0A@@std@@@std@@IEAA?AU?$pair@V?$_Tree_iterator@V?$_Tree_val@U?$_Tree_simple_types@U?$pair@$$CBHV?$basic_string@DU?$char_traits@D@std@@V?$allocator@D@2@@std@@@std@@@std@@@std@@@std@@_N@1@_NAEAU?$pair@$$CBHV?$basic_string@DU?$char_traits@D@std@@V?$allocator@D@2@@std@@@1@PEAU?$_Tree_node@U?$pair@$$CBHV?$basic_string@DU?$char_traits@D@std@@V?$allocator@D@2@@std@@@std@@PEAX@1@@Z 000000018000d960 f i mex_opencv_2.4:MxArray.obj
 0001:0000cae0       ??$_Buynode@AEAU?$pair@$$CBV?$basic_string@DU?$char_traits@D@std@@V?$allocator@D@2@@std@@H@std@@@?$_Tree_buy@U?$pair@$$CBV?$basic_string@DU?$char_traits@D@std@@V?$allocator@D@2@@std@@H@std@@V?$allocator@U?$pair@$$CBV?$basic_string@DU?$char_traits@D@std@@V?$allocator@D@2@@std@@H@std@@@2@@std@@QEAAPEAU?$_Tree_node@U?$pair@$$CBV?$basic_string@DU?$char_traits@D@std@@V?$allocator@D@2@@std@@H@std@@PEAX@1@AEAU?$pair@$$CBV?$basic_string@DU?$char_traits@D@std@@V?$allocator@D@2@@std@@H@1@@Z 000000018000dae0 f i mex_opencv_2.4:MxArray.obj
 0001:0000cb60       ??$_Buynode@AEAU?$pair@$$CBW4mxClassID@@H@std@@@?$_Tree_buy@U?$pair@$$CBW4mxClassID@@H@std@@V?$allocator@U?$pair@$$CBW4mxClassID@@H@std@@@2@@std@@QEAAPEAU?$_Tree_node@U?$pair@$$CBW4mxClassID@@H@std@@PEAX@1@AEAU?$pair@$$CBW4mxClassID@@H@1@@Z 000000018000db60 f i mex_opencv_2.4:MxArray.obj
 0001:0000cb60       ??$_Buynode@AEAU?$pair@$$CBHW4mxClassID@@@std@@@?$_Tree_buy@U?$pair@$$CBHW4mxClassID@@@std@@V?$allocator@U?$pair@$$CBHW4mxClassID@@@std@@@2@@std@@QEAAPEAU?$_Tree_node@U?$pair@$$CBHW4mxClassID@@@std@@PEAX@1@AEAU?$pair@$$CBHW4mxClassID@@@1@@Z 000000018000db60 f i mex_opencv_2.4:MxArray.obj
 0001:0000cb90       ??$_Buynode@AEAU?$pair@$$CBHV?$basic_string@DU?$char_traits@D@std@@V?$allocator@D@2@@std@@@std@@@?$_Tree_buy@U?$pair@$$CBHV?$basic_string@DU?$char_traits@D@std@@V?$allocator@D@2@@std@@@std@@V?$allocator@U?$pair@$$CBHV?$basic_string@DU?$char_traits@D@std@@V?$allocator@D@2@@std@@@std@@@2@@std@@QEAAPEAU?$_Tree_node@U?$pair@$$CBHV?$basic_string@DU?$char_traits@D@std@@V?$allocator@D@2@@std@@@std@@PEAX@1@AEAU?$pair@$$CBHV?$basic_string@DU?$char_traits@D@std@@V?$allocator@D@2@@std@@@1@@Z 000000018000db90 f i mex_opencv_2.4:MxArray.obj
 0001:0000cc08       ?imbue@?$basic_streambuf@DU?$char_traits@D@std@@@std@@MEAAXAEBVlocale@2@@Z 000000018000dc08 f   msvcprt:MSVCP120.dll
 0001:0000cc0e       ?sync@?$basic_streambuf@DU?$char_traits@D@std@@@std@@MEAAHXZ 000000018000dc0e f   msvcprt:MSVCP120.dll
 0001:0000cc14       ?setbuf@?$basic_streambuf@DU?$char_traits@D@std@@@std@@MEAAPEAV12@PEAD_J@Z 000000018000dc14 f   msvcprt:MSVCP120.dll
 0001:0000cc1a       ?xsputn@?$basic_streambuf@DU?$char_traits@D@std@@@std@@MEAA_JPEBD_J@Z 000000018000dc1a f   msvcprt:MSVCP120.dll
 0001:0000cc20       ?xsgetn@?$basic_streambuf@DU?$char_traits@D@std@@@std@@MEAA_JPEAD_J@Z 000000018000dc20 f   msvcprt:MSVCP120.dll
 0001:0000cc26       ?uflow@?$basic_streambuf@DU?$char_traits@D@std@@@std@@MEAAHXZ 000000018000dc26 f   msvcprt:MSVCP120.dll
 0001:0000cc2c       ?showmanyc@?$basic_streambuf@DU?$char_traits@D@std@@@std@@MEAA_JXZ 000000018000dc2c f   msvcprt:MSVCP120.dll
 0001:0000cc32       ?_Unlock@?$basic_streambuf@DU?$char_traits@D@std@@@std@@UEAAXXZ 000000018000dc32 f   msvcprt:MSVCP120.dll
 0001:0000cc38       ?_Lock@?$basic_streambuf@DU?$char_traits@D@std@@@std@@UEAAXXZ 000000018000dc38 f   msvcprt:MSVCP120.dll
 0001:0000cc40       ??_U@YAPEAX_K@Z            000000018000dc40 f   msvcprt:newaop_s.obj
 0001:0000cc60       __security_check_cookie    000000018000dc60 f   MSVCRT:amdsecgs.obj
 0001:0000cc80       __atonexitinit             000000018000dc80 f   MSVCRT:atonexit.obj
 0001:0000ccd0       _onexit                    000000018000dcd0 f   MSVCRT:atonexit.obj
 0001:0000cd80       atexit                     000000018000dd80 f   MSVCRT:atonexit.obj
 0001:0000cd98       _purecall                  000000018000dd98 f   MSVCRT:MSVCR120.dll
 0001:0000cd9e       ??3@YAXPEAX@Z              000000018000dd9e f   MSVCRT:MSVCR120.dll
 0001:0000cda4       ??_Etype_info@@UEAAPEAXI@Z 000000018000dda4 f i MSVCRT:ti_inst.obj
 0001:0000ce0e       ??2@YAPEAX_K@Z             000000018000de0e f   MSVCRT:MSVCR120.dll
 0001:0000ce14       ?what@exception@std@@UEBAPEBDXZ 000000018000de14 f   MSVCRT:MSVCR120.dll
 0001:0000ce1a       ??0exception@std@@QEAA@AEBV01@@Z 000000018000de1a f   MSVCRT:MSVCR120.dll
 0001:0000ce20       ?terminate@@YAXXZ          000000018000de20 f   MSVCRT:MSVCR120.dll
 0001:0000ce88       _CRT_INIT                  000000018000de88 f   MSVCRT:crtdll.obj
 0001:0000d0d4       _DllMainCRTStartup         000000018000e0d4 f   MSVCRT:crtdll.obj
 0001:0000d24c       __raise_securityfailure    000000018000e24c f   MSVCRT:gs_report.obj
 0001:0000d298       __report_gsfailure         000000018000e298 f   MSVCRT:gs_report.obj
 0001:0000d36a       _lock                      000000018000e36a f   MSVCRT:MSVCR120.dll
 0001:0000d370       _unlock                    000000018000e370 f   MSVCRT:MSVCR120.dll
 0001:0000d376       __dllonexit                000000018000e376 f   MSVCRT:MSVCR120.dll
 0001:0000d37c       __C_specific_handler       000000018000e37c f   MSVCRT:MSVCR120.dll
 0001:0000d384       ??_M@YAXPEAX_KHP6AX0@Z@Z   000000018000e384 f   MSVCRT:ehvecdtr.obj
 0001:0000d3e4       ?__ArrayUnwind@@YAXPEAX_KHP6AX0@Z@Z 000000018000e3e4 f   MSVCRT:ehvecdtr.obj
 0001:0000d42e       __CppXcptFilter            000000018000e42e f   MSVCRT:MSVCR120.dll
 0001:0000d434       _amsg_exit                 000000018000e434 f   MSVCRT:MSVCR120.dll
 0001:0000d440       _FindPESection             000000018000e440 f   MSVCRT:pesect.obj
 0001:0000d490       _IsNonwritableInCurrentImage 000000018000e490 f   MSVCRT:pesect.obj
 0001:0000d4e0       _ValidateImageBase         000000018000e4e0 f   MSVCRT:pesect.obj
 0001:0000d510       __security_init_cookie     000000018000e510 f   MSVCRT:gs_support.obj
 0001:0000d5bc       DllMain                    000000018000e5bc f   MSVCRT:dllmain.obj
 0001:0000d5e0       _RTC_Initialize            000000018000e5e0 f   MSVCRT:initsect.obj
 0001:0000d618       _RTC_Terminate             000000018000e618 f   MSVCRT:initsect.obj
 0001:0000d650       _initterm                  000000018000e650 f   MSVCRT:MSVCR120.dll
 0001:0000d656       _initterm_e                000000018000e656 f   MSVCRT:MSVCR120.dll
 0001:0000d65c       __clean_type_info_names    000000018000e65c f   MSVCRT:tncleanup.obj
 0001:0000d668       __crt_debugger_hook        000000018000e668 f   MSVCRT:MSVCR120.dll
 0001:0000d66e       __crtUnhandledException    000000018000e66e f   MSVCRT:MSVCR120.dll
 0001:0000d674       __crtTerminateProcess      000000018000e674 f   MSVCRT:MSVCR120.dll
 0001:0000d67a       __crtCapturePreviousContext 000000018000e67a f   MSVCRT:MSVCR120.dll
 0001:0000d680       ??1type_info@@UEAA@XZ      000000018000e680 f   MSVCRT:MSVCR120.dll
 0001:0000d680       ?_type_info_dtor_internal_method@type_info@@QEAAXXZ 000000018000e680 f   MSVCRT:MSVCR120.dll
 0001:0000d686       __clean_type_info_names_internal 000000018000e686 f   MSVCRT:MSVCR120.dll
 0001:0000d68c       IsProcessorFeaturePresent  000000018000e68c f   kernel32:KERNEL32.dll
 0001:0000d692       _CxxThrowException         000000018000e692 f   MSVCRT:MSVCR120.dll
 0001:0000d698       __CxxFrameHandler3         000000018000e698 f   MSVCRT:MSVCR120.dll
 0001:0000d6a0       __GSHandlerCheck           000000018000e6a0 f   MSVCRT:gshandler.obj
 0001:0000d6c0       __GSHandlerCheckCommon     000000018000e6c0 f   MSVCRT:gshandler.obj
 0001:0000d724       __GSHandlerCheck_EH        000000018000e724 f   MSVCRT:gshandlereh.obj
 0001:0000d7b4       exp                        000000018000e7b4 f   MSVCRT:MSVCR120.dll
 0001:0000d7ba       memcmp                     000000018000e7ba f   MSVCRT:MSVCR120.dll
 0001:0000d7c0       memcpy                     000000018000e7c0 f   MSVCRT:MSVCR120.dll
 0001:0000d7c6       memset                     000000018000e7c6 f   MSVCRT:MSVCR120.dll
 0002:00000000       __imp_GetSystemTimeAsFileTime 0000000180010000     kernel32:KERNEL32.dll
 0002:00000008       __imp_DecodePointer        0000000180010008     kernel32:KERNEL32.dll
 0002:00000010       __imp_IsDebuggerPresent    0000000180010010     kernel32:KERNEL32.dll
 0002:00000018       __imp_IsProcessorFeaturePresent 0000000180010018     kernel32:KERNEL32.dll
 0002:00000020       __imp_QueryPerformanceCounter 0000000180010020     kernel32:KERNEL32.dll
 0002:00000028       __imp_GetCurrentProcessId  0000000180010028     kernel32:KERNEL32.dll
 0002:00000030       __imp_DisableThreadLibraryCalls 0000000180010030     kernel32:KERNEL32.dll
 0002:00000038       __imp_EncodePointer        0000000180010038     kernel32:KERNEL32.dll
 0002:00000040       __imp_GetCurrentThreadId   0000000180010040     kernel32:KERNEL32.dll
 0002:00000048       \177KERNEL32_NULL_THUNK_DATA 0000000180010048     kernel32:KERNEL32.dll
 0002:00000050       __imp__Thrd_current        0000000180010050     msvcprt:MSVCP120.dll
 0002:00000058       __imp__Thrd_join           0000000180010058     msvcprt:MSVCP120.dll
 0002:00000060       __imp_??0_Pad@std@@QEAA@XZ 0000000180010060     msvcprt:MSVCP120.dll
 0002:00000068       __imp_??1_Pad@std@@QEAA@XZ 0000000180010068     msvcprt:MSVCP120.dll
 0002:00000070       __imp_?_Launch@_Pad@std@@QEAAXPEAU_Thrd_imp_t@@@Z 0000000180010070     msvcprt:MSVCP120.dll
 0002:00000078       __imp_?_Release@_Pad@std@@QEAAXXZ 0000000180010078     msvcprt:MSVCP120.dll
 0002:00000080       __imp_?cout@std@@3V?$basic_ostream@DU?$char_traits@D@std@@@1@A 0000000180010080     msvcprt:MSVCP120.dll
 0002:00000088       __imp_?_Throw_Cpp_error@std@@YAXH@Z 0000000180010088     msvcprt:MSVCP120.dll
 0002:00000090       __imp__Thrd_equal          0000000180010090     msvcprt:MSVCP120.dll
 0002:00000098       __imp_?_Winerror_map@std@@YAPEBDH@Z 0000000180010098     msvcprt:MSVCP120.dll
 0002:000000a0       __imp_?_Syserror_map@std@@YAPEBDH@Z 00000001800100a0     msvcprt:MSVCP120.dll
 0002:000000a8       __imp_?_BADOFF@std@@3_JB   00000001800100a8     msvcprt:MSVCP120.dll
 0002:000000b0       __imp_?_Xbad_alloc@std@@YAXXZ 00000001800100b0     msvcprt:MSVCP120.dll
 0002:000000b8       __imp_?_Xout_of_range@std@@YAXPEBD@Z 00000001800100b8     msvcprt:MSVCP120.dll
 0002:000000c0       __imp_?_Xlength_error@std@@YAXPEBD@Z 00000001800100c0     msvcprt:MSVCP120.dll
 0002:000000c8       __imp_?uncaught_exception@std@@YA_NXZ 00000001800100c8     msvcprt:MSVCP120.dll
 0002:000000d0       __imp_?sputn@?$basic_streambuf@DU?$char_traits@D@std@@@std@@QEAA_JPEBD_J@Z 00000001800100d0     msvcprt:MSVCP120.dll
 0002:000000d8       __imp_?sputc@?$basic_streambuf@DU?$char_traits@D@std@@@std@@QEAAHD@Z 00000001800100d8     msvcprt:MSVCP120.dll
 0002:000000e0       __imp_?flush@?$basic_ostream@DU?$char_traits@D@std@@@std@@QEAAAEAV12@XZ 00000001800100e0     msvcprt:MSVCP120.dll
 0002:000000e8       __imp_?_Osfx@?$basic_ostream@DU?$char_traits@D@std@@@std@@QEAAXXZ 00000001800100e8     msvcprt:MSVCP120.dll
 0002:000000f0       __imp_??0?$basic_streambuf@DU?$char_traits@D@std@@@std@@IEAA@XZ 00000001800100f0     msvcprt:MSVCP120.dll
 0002:000000f8       __imp_??0?$basic_ios@DU?$char_traits@D@std@@@std@@IEAA@XZ 00000001800100f8     msvcprt:MSVCP120.dll
 0002:00000100       __imp_?_Pninc@?$basic_streambuf@DU?$char_traits@D@std@@@std@@IEAAPEADXZ 0000000180010100     msvcprt:MSVCP120.dll
 0002:00000108       __imp_??6?$basic_ostream@DU?$char_traits@D@std@@@std@@QEAAAEAV01@H@Z 0000000180010108     msvcprt:MSVCP120.dll
 0002:00000110       __imp_??1?$basic_ostream@DU?$char_traits@D@std@@@std@@UEAA@XZ 0000000180010110     msvcprt:MSVCP120.dll
 0002:00000118       __imp_??0?$basic_ostream@DU?$char_traits@D@std@@@std@@QEAA@PEAV?$basic_streambuf@DU?$char_traits@D@std@@@1@_N@Z 0000000180010118     msvcprt:MSVCP120.dll
 0002:00000120       __imp_?setstate@?$basic_ios@DU?$char_traits@D@std@@@std@@QEAAXH_N@Z 0000000180010120     msvcprt:MSVCP120.dll
 0002:00000128       __imp_??1?$basic_ios@DU?$char_traits@D@std@@@std@@UEAA@XZ 0000000180010128     msvcprt:MSVCP120.dll
 0002:00000130       __imp_?imbue@?$basic_streambuf@DU?$char_traits@D@std@@@std@@MEAAXAEBVlocale@2@@Z 0000000180010130     msvcprt:MSVCP120.dll
 0002:00000138       __imp_?sync@?$basic_streambuf@DU?$char_traits@D@std@@@std@@MEAAHXZ 0000000180010138     msvcprt:MSVCP120.dll
 0002:00000140       __imp_?setbuf@?$basic_streambuf@DU?$char_traits@D@std@@@std@@MEAAPEAV12@PEAD_J@Z 0000000180010140     msvcprt:MSVCP120.dll
 0002:00000148       __imp_?xsputn@?$basic_streambuf@DU?$char_traits@D@std@@@std@@MEAA_JPEBD_J@Z 0000000180010148     msvcprt:MSVCP120.dll
 0002:00000150       __imp_?xsgetn@?$basic_streambuf@DU?$char_traits@D@std@@@std@@MEAA_JPEAD_J@Z 0000000180010150     msvcprt:MSVCP120.dll
 0002:00000158       __imp_?uflow@?$basic_streambuf@DU?$char_traits@D@std@@@std@@MEAAHXZ 0000000180010158     msvcprt:MSVCP120.dll
 0002:00000160       __imp_?showmanyc@?$basic_streambuf@DU?$char_traits@D@std@@@std@@MEAA_JXZ 0000000180010160     msvcprt:MSVCP120.dll
 0002:00000168       __imp_?_Unlock@?$basic_streambuf@DU?$char_traits@D@std@@@std@@UEAAXXZ 0000000180010168     msvcprt:MSVCP120.dll
 0002:00000170       __imp_?_Lock@?$basic_streambuf@DU?$char_traits@D@std@@@std@@UEAAXXZ 0000000180010170     msvcprt:MSVCP120.dll
 0002:00000178       __imp_??1?$basic_streambuf@DU?$char_traits@D@std@@@std@@UEAA@XZ 0000000180010178     msvcprt:MSVCP120.dll
 0002:00000180       \177MSVCP120_NULL_THUNK_DATA 0000000180010180     msvcprt:MSVCP120.dll
 0002:00000188       __imp__initterm            0000000180010188     MSVCRT:MSVCR120.dll
 0002:00000190       __imp__initterm_e          0000000180010190     MSVCRT:MSVCR120.dll
 0002:00000198       __imp___crt_debugger_hook  0000000180010198     MSVCRT:MSVCR120.dll
 0002:000001a0       __imp___crtUnhandledException 00000001800101a0     MSVCRT:MSVCR120.dll
 0002:000001a8       __imp___crtTerminateProcess 00000001800101a8     MSVCRT:MSVCR120.dll
 0002:000001b0       __imp___crtCapturePreviousContext 00000001800101b0     MSVCRT:MSVCR120.dll
 0002:000001b8       __imp_?_type_info_dtor_internal_method@type_info@@QEAAXXZ 00000001800101b8     MSVCRT:MSVCR120.dll
 0002:000001c0       __imp___clean_type_info_names_internal 00000001800101c0     MSVCRT:MSVCR120.dll
 0002:000001c8       __imp__CxxThrowException   00000001800101c8     MSVCRT:MSVCR120.dll
 0002:000001d0       __imp___CxxFrameHandler3   00000001800101d0     MSVCRT:MSVCR120.dll
 0002:000001d8       __imp_exp                  00000001800101d8     MSVCRT:MSVCR120.dll
 0002:000001e0       __imp_memcmp               00000001800101e0     MSVCRT:MSVCR120.dll
 0002:000001e8       __imp_memcpy               00000001800101e8     MSVCRT:MSVCR120.dll
 0002:000001f0       __imp_??3@YAXPEAX@Z        00000001800101f0     MSVCRT:MSVCR120.dll
 0002:000001f8       __imp_memmove              00000001800101f8     MSVCRT:MSVCR120.dll
 0002:00000200       __imp__wassert             0000000180010200     MSVCRT:MSVCR120.dll
 0002:00000208       __imp__purecall            0000000180010208     MSVCRT:MSVCR120.dll
 0002:00000210       __imp_memset               0000000180010210     MSVCRT:MSVCR120.dll
 0002:00000218       __imp_??2@YAPEAX_K@Z       0000000180010218     MSVCRT:MSVCR120.dll
 0002:00000220       __imp_?what@exception@std@@UEBAPEBDXZ 0000000180010220     MSVCRT:MSVCR120.dll
 0002:00000228       __imp_??1exception@std@@UEAA@XZ 0000000180010228     MSVCRT:MSVCR120.dll
 0002:00000230       __imp_??0exception@std@@QEAA@AEBQEBDH@Z 0000000180010230     MSVCRT:MSVCR120.dll
 0002:00000238       __imp_??0exception@std@@QEAA@AEBV01@@Z 0000000180010238     MSVCRT:MSVCR120.dll
 0002:00000240       __imp_free                 0000000180010240     MSVCRT:MSVCR120.dll
 0002:00000248       __imp_malloc               0000000180010248     MSVCRT:MSVCR120.dll
 0002:00000250       __imp_?terminate@@YAXXZ    0000000180010250     MSVCRT:MSVCR120.dll
 0002:00000258       __imp__lock                0000000180010258     MSVCRT:MSVCR120.dll
 0002:00000260       __imp__unlock              0000000180010260     MSVCRT:MSVCR120.dll
 0002:00000268       __imp__calloc_crt          0000000180010268     MSVCRT:MSVCR120.dll
 0002:00000270       __imp___dllonexit          0000000180010270     MSVCRT:MSVCR120.dll
 0002:00000278       __imp___C_specific_handler 0000000180010278     MSVCRT:MSVCR120.dll
 0002:00000280       __imp__onexit              0000000180010280     MSVCRT:MSVCR120.dll
 0002:00000288       __imp___CppXcptFilter      0000000180010288     MSVCRT:MSVCR120.dll
 0002:00000290       __imp__amsg_exit           0000000180010290     MSVCRT:MSVCR120.dll
 0002:00000298       __imp__malloc_crt          0000000180010298     MSVCRT:MSVCR120.dll
 0002:000002a0       \177MSVCR120_NULL_THUNK_DATA 00000001800102a0     MSVCRT:MSVCR120.dll
 0002:000002a8       __imp_mexErrMsgIdAndTxt    00000001800102a8     libmex:libmex.dll
 0002:000002b0       __imp_mexErrMsgTxt         00000001800102b0     libmex:libmex.dll
 0002:000002b8       __imp_mexWarnMsgTxt        00000001800102b8     libmex:libmex.dll
 0002:000002c0       \177libmex_NULL_THUNK_DATA 00000001800102c0     libmex:libmex.dll
 0002:000002c8       __imp_mxGetM               00000001800102c8     libmx:libmx.dll
 0002:000002d0       __imp_mxGetN               00000001800102d0     libmx:libmx.dll
 0002:000002d8       __imp_mxGetData            00000001800102d8     libmx:libmx.dll
 0002:000002e0       __imp_mxCreateNumericArray_730 00000001800102e0     libmx:libmx.dll
 0002:000002e8       __imp_mxGetClassID         00000001800102e8     libmx:libmx.dll
 0002:000002f0       __imp_mxIsChar             00000001800102f0     libmx:libmx.dll
 0002:000002f8       __imp_mxGetLogicals        00000001800102f8     libmx:libmx.dll
 0002:00000300       __imp_mxArrayToString      0000000180010300     libmx:libmx.dll
 0002:00000308       __imp_mxGetNumberOfElements 0000000180010308     libmx:libmx.dll
 0002:00000310       __imp_mxGetPr              0000000180010310     libmx:libmx.dll
 0002:00000318       __imp_mxGetChars           0000000180010318     libmx:libmx.dll
 0002:00000320       __imp_mxFree               0000000180010320     libmx:libmx.dll
 0002:00000328       __imp_mxIsInt32            0000000180010328     libmx:libmx.dll
 0002:00000330       \177libmx_NULL_THUNK_DATA  0000000180010330     libmx:libmx.dll
 0002:00000338       __imp_??0Mat@cv@@QEAA@AEBV01@AEBVRange@1@1@Z 0000000180010338     opencv_core2412:opencv_core2412.dll
 0002:00000340       __imp_?create@Mat@cv@@QEAAXHPEBHH@Z 0000000180010340     opencv_core2412:opencv_core2412.dll
 0002:00000348       __imp_?deallocate@Mat@cv@@QEAAXXZ 0000000180010348     opencv_core2412:opencv_core2412.dll
 0002:00000350       __imp_?copySize@Mat@cv@@QEAAXAEBV12@@Z 0000000180010350     opencv_core2412:opencv_core2412.dll
 0002:00000358       __imp_?fastFree@cv@@YAXPEAX@Z 0000000180010358     opencv_core2412:opencv_core2412.dll
 0002:00000360       __imp_??0_InputArray@cv@@QEAA@AEBVMat@1@@Z 0000000180010360     opencv_core2412:opencv_core2412.dll
 0002:00000368       __imp_?_interlockedExchangeAdd@cv@@YAHPEAHH@Z 0000000180010368     opencv_core2412:opencv_core2412.dll
 0002:00000370       __imp_??0_OutputArray@cv@@QEAA@AEAVMat@1@@Z 0000000180010370     opencv_core2412:opencv_core2412.dll
 0002:00000378       __imp_?flip@cv@@YAXAEBV_InputArray@1@AEBV_OutputArray@1@H@Z 0000000180010378     opencv_core2412:opencv_core2412.dll
 0002:00000380       \177opencv_core2412_NULL_THUNK_DATA 0000000180010380     opencv_core2412:opencv_core2412.dll
 0002:00000388       __imp_?filter2D@cv@@YAXAEBV_InputArray@1@AEBV_OutputArray@1@H0V?$Point_@H@1@NH@Z 0000000180010388     opencv_imgproc2412:opencv_imgproc2412.dll
 0002:00000390       \177opencv_imgproc2412_NULL_THUNK_DATA 0000000180010390     opencv_imgproc2412:opencv_imgproc2412.dll
 0002:00000398       __xc_a                     0000000180010398     MSVCRT:cinitexe.obj
 0002:000003e8       __xc_z                     00000001800103e8     MSVCRT:cinitexe.obj
 0002:000003f0       __xi_a                     00000001800103f0     MSVCRT:cinitexe.obj
 0002:00000408       __xi_z                     0000000180010408     MSVCRT:cinitexe.obj
 0002:00000450       ??_7type_info@@6B@         0000000180010450     MSVCRT:ti_inst.obj
 0002:00000458       _pDefaultRawDllMain        0000000180010458     MSVCRT:crtdll.obj
 0002:00000458       _pRawDllMain               0000000180010458     MSVCRT:crtdll.obj
 0002:00000470       ??_C@_00CNPNBAHC@?$AA@     0000000180010470     main.obj
 0002:00000478       ??_C@_07DCLBNMLN@generic?$AA@ 0000000180010478     main.obj
 0002:00000480       ??_C@_0O@BFJCFAAK@unknown?5error?$AA@ 0000000180010480     main.obj
 0002:00000490       ??_C@_08LLGCOLLL@iostream?$AA@ 0000000180010490     main.obj
 0002:000004a0       ??_C@_0BG@PADBLCHM@iostream?5stream?5error?$AA@ 00000001800104a0     main.obj
 0002:000004b8       ??_C@_06FHFOAHML@system?$AA@ 00000001800104b8     main.obj
 0002:000004c0       ??_C@_0CC@HOMDNNHD@Assertion?3?5mxObj?4isInt32?$CI?$CJ?5faile@ 00000001800104c0     main.obj
 0002:000004e4       ??_C@_03JGJIKGHA@IWU?$AA@  00000001800104e4     main.obj
 0002:000004e8       ??_C@_04NMINHAPI@DIWU?$AA@ 00000001800104e8     main.obj
 0002:000004f0       ??_C@_01EEMJAFIK@?6?$AA@   00000001800104f0     main.obj
 0002:000004f8       ??_C@_0BJ@CBOKGCDK@?0?5problem?5with?5the?5input?$AA@ 00000001800104f8     main.obj
 0002:00000514       ??_C@_01GEODFPGF@?8?$AA@   0000000180010514     main.obj
 0002:00000518       ??_C@_0BC@DEDOGNIN@Expected?5inputs?3?5?$AA@ 0000000180010518     main.obj
 0002:00000530       ??_C@_0EA@FBEFOGGK@Assertion?3?5inputsElementCount?5?$DO?$DN@ 0000000180010530     main.obj
 0002:00000570       ??_C@_0CK@KDKFNFAJ@Assertion?3?5outputElementCount?5?$DN?$DN@ 0000000180010570     main.obj
 0002:000005a0       ??_C@_0CB@LDDDCECJ@expected?5outpus?3?5?$CIdiversity?5map?$CJ@ 00000001800105a0     main.obj
 0002:000005c8       ??_C@_0CF@ONEKHAAO@First?5parameter?5should?5be?5a?5stri@ 00000001800105c8     main.obj
 0002:000005f0       ??_C@_01KMDKNFGN@?1?$AA@   00000001800105f0     main.obj
 0002:000005f8       ??_C@_0DJ@FBCPLDKN@first?5parameter?5should?5be?5one?5of@ 00000001800105f8     main.obj
 0002:00000638       ??_C@_0CG@NJECNNAH@An?5exception?5occurred?4?5Exception@ 0000000180010638     main.obj
 0002:00000660       ??_C@_0BA@JFNIOLAK@string?5too?5long?$AA@ 0000000180010660     main.obj
 0002:00000670       ??_C@_0BI@CFPLBAOH@invalid?5string?5position?$AA@ 0000000180010670     main.obj
 0002:00000688       ??_C@_0BD@OLBABOEK@vector?$DMT?$DO?5too?5long?$AA@ 0000000180010688     main.obj
 0002:000006a0       ??_C@_1KM@EFDCNNDM@?$AAc?$AA?3?$AA?2?$AAu?$AAs?$AAe?$AAr?$AAs?$AA?2?$AAe?$AAv?$AAe?$AA?5?$AAa?$AAn?$AAd?$AA?5?$AAl?$AAi?$AAo?$AAr?$AA?2?$AAd?$AAr?$AAo?$AAp?$AAb?$AAo?$AAx?$AA?2?$AAr?$AAe@ 00000001800106a0     main.obj
 0002:00000750       ??_C@_1BGE@MDFDAGNB@?$AA?$CI?$AAd?$AAa?$AAt?$AAa?$AAP?$AAt?$AAr?$AA?5?$AA?$DN?$AA?$DN?$AA?5?$AA0?$AA?$CJ?$AA?5?$AA?$HM?$AA?$HM?$AA?5?$AA?$CI?$AA?5?$AAn?$AAb?$AAR?$AAo?$AAw?$AAs?$AA?5?$AA?$DO?$AA?$DN?$AA?5?$AA0?$AA?5@ 0000000180010750     main.obj
 0002:000008c0       ??_7?$basic_ostringstream@DU?$char_traits@D@std@@V?$allocator@D@2@@std@@6B@ 00000001800108c0     main.obj
 0002:000008d0       ??_7?$basic_stringbuf@DU?$char_traits@D@std@@V?$allocator@D@2@@std@@6B@ 00000001800108d0     main.obj
 0002:00000950       ??_7_Generic_error_category@std@@6B@ 0000000180010950     main.obj
 0002:00000988       ??_7MxArray@@6B@           0000000180010988     main.obj
 0002:00000990       ??_8?$basic_ostringstream@DU?$char_traits@D@std@@V?$allocator@D@2@@std@@7B@ 0000000180010990     main.obj
 0002:000009a0       ??_7_System_error_category@std@@6B@ 00000001800109a0     main.obj
 0002:000009d8       ??_7_Iostream_error_category@std@@6B@ 00000001800109d8     main.obj
 0002:00000a10       ??_7error_category@std@@6B@ 0000000180010a10     main.obj
 0002:00000a40       ?DIWU@MethodTypes@@2PEBDEB 0000000180010a40     main.obj
 0002:00000a48       ?IWU@MethodTypes@@2PEBDEB  0000000180010a48     main.obj
 0002:00000a58       ??_7bad_alloc@std@@6B@     0000000180010a58     DIWU.obj
 0002:00000a70       ??_7?$_LaunchPad@V?$_Bind@$00XQ6AXUiwuScanParams@@@ZV?$reference_wrapper@UiwuScanParams@@@std@@@std@@@std@@6B@ 0000000180010a70     DIWU.obj
 0002:00000a80       ??_7?$_LaunchPad@V?$_Bind@$00XQ6AXUdiwuScanParams@@@ZV?$reference_wrapper@UdiwuScanParams@@@std@@@std@@@std@@6B@ 0000000180010a80     DIWU.obj
 0002:00000a88       ??_C@_0P@GHFPNOJB@bad?5allocation?$AA@ 0000000180010a88     DIWU.obj
 0002:00000a98       ??_C@_0CL@JHPPCNOO@Assertion?3?5?$CInnfN?5?9?5windowN?5?$CL?51?$CJ?5@ 0000000180010a98     DIWU.obj
 0002:00000ac8       ??_C@_0CL@HPKHPHKL@Assertion?3?5?$CInnfM?5?9?5windowM?5?$CL?51?$CJ?5@ 0000000180010ac8     DIWU.obj
 0002:00000af8       ??_C@_0DD@BHLLANOM@Assertion?3?5maxElement?5?$DM?$DN?5xyPosit@ 0000000180010af8     DIWU.obj
 0002:00000b30       ??_C@_0FL@NAHPHFM@the?5amount?5of?5xy?5positions?5must?5@ 0000000180010b30     DIWU.obj
 0002:00000b90       ??_C@_0EF@FCAGKMGM@Assertion?3?5xyPositions?4cols?$CI?$CJ?5?$DN?$DN@ 0000000180010b90     DIWU.obj
 0002:00000be0       ??_C@_0KL@MONNJLOP@argument?5xyPositions?5must?5be?5a?5m@ 0000000180010be0     DIWU.obj
 0002:00000c90       ??_C@_0DP@PCCPGICO@Assertion?3?5inputsElementCount?5?$DO?$DN@ 0000000180010c90     DIWU.obj
 0002:00000cd0       ??_C@_0CF@CAKNCNJG@missing?5argument?3?5xy?5positins?5ma@ 0000000180010cd0     DIWU.obj
 0002:00000d00       ??_C@_1LM@NMCMNOOH@?$AAc?$AA?3?$AA?2?$AAu?$AAs?$AAe?$AAr?$AAs?$AA?2?$AAe?$AAv?$AAe?$AA?5?$AAa?$AAn?$AAd?$AA?5?$AAl?$AAi?$AAo?$AAr?$AA?2?$AAd?$AAr?$AAo?$AAp?$AAb?$AAo?$AAx?$AA?2?$AAr?$AAe@ 0000000180010d00     DIWU.obj
 0002:00000dc0       ??_C@_1GK@FICMDKNL@?$AAr?$AAo?$AAw?$AA?5?$AA?$DO?$AA?$DN?$AA?5?$AA0?$AA?5?$AA?$CG?$AA?$CG?$AA?5?$AAr?$AAo?$AAw?$AA?5?$AA?$DM?$AA?5?$AAr?$AAo?$AAw?$AAs?$AA?$CI?$AA?$CJ?$AA?5?$AA?$CG?$AA?$CG?$AA?5?$AAc?$AAo?$AAl?$AA?5@ 0000000180010dc0     DIWU.obj
 0002:00000e30       ??_C@_0BM@NMJKDPPO@invalid?5vector?$DMT?$DO?5subscript?$AA@ 0000000180010e30     DIWU.obj
[...]
 0004:00000894       $pdata$??$_Buynode@AEAU?$pair@$$CBV?$basic_string@DU?$char_traits@D@std@@V?$allocator@D@2@@std@@H@std@@@?$_Tree_buy@U?$pair@$$CBV?$basic_string@DU?$char_traits@D@std@@V?$allocator@D@2@@std@@H@std@@V?$allocator@U?$pair@$$CBV?$basic_string@DU?$char_traits@D@std@@V?$allocator@D@2@@std@@H@std@@@2@@std@@QEAAPEAU?$_Tree_node@U?$pair@$$CBV?$basic_string@DU?$char_traits@D@std@@V?$allocator@D@2@@std@@H@std@@PEAX@1@AEAU?$pair@$$CBV?$basic_string@DU?$char_traits@D@std@@V?$allocator@D@2@@std@@H@1@@Z 0000000180017894     * CIL library *:* CIL module *
 0004:000008a0       $pdata$??$_Buynode@AEAU?$pair@$$CBW4mxClassID@@H@std@@@?$_Tree_buy@U?$pair@$$CBW4mxClassID@@H@std@@V?$allocator@U?$pair@$$CBW4mxClassID@@H@std@@@2@@std@@QEAAPEAU?$_Tree_node@U?$pair@$$CBW4mxClassID@@H@std@@PEAX@1@AEAU?$pair@$$CBW4mxClassID@@H@1@@Z 00000001800178a0     * CIL library *:* CIL module *
 0004:000008a0       $pdata$??$_Buynode@AEAU?$pair@$$CBHW4mxClassID@@@std@@@?$_Tree_buy@U?$pair@$$CBHW4mxClassID@@@std@@V?$allocator@U?$pair@$$CBHW4mxClassID@@@std@@@2@@std@@QEAAPEAU?$_Tree_node@U?$pair@$$CBHW4mxClassID@@@std@@PEAX@1@AEAU?$pair@$$CBHW4mxClassID@@@1@@Z 00000001800178a0     * CIL library *:* CIL module *
 0004:000008ac       $pdata$??$_Buynode@AEAU?$pair@$$CBHV?$basic_string@DU?$char_traits@D@std@@V?$allocator@D@2@@std@@@std@@@?$_Tree_buy@U?$pair@$$CBHV?$basic_string@DU?$char_traits@D@std@@V?$allocator@D@2@@std@@@std@@V?$allocator@U?$pair@$$CBHV?$basic_string@DU?$char_traits@D@std@@V?$allocator@D@2@@std@@@std@@@2@@std@@QEAAPEAU?$_Tree_node@U?$pair@$$CBHV?$basic_string@DU?$char_traits@D@std@@V?$allocator@D@2@@std@@@std@@PEAX@1@AEAU?$pair@$$CBHV?$basic_string@DU?$char_traits@D@std@@V?$allocator@D@2@@std@@@1@@Z 00000001800178ac     * CIL library *:* CIL module *
 0004:000008c4       $pdata$__atonexitinit      00000001800178c4     MSVCRT:atonexit.obj
 0004:000008d0       $pdata$_onexit             00000001800178d0     MSVCRT:atonexit.obj
 0004:000008dc       $pdata$atexit              00000001800178dc     MSVCRT:atonexit.obj
 0004:000008e8       $pdata$??_Etype_info@@UEAAPEAXI@Z 00000001800178e8     MSVCRT:ti_inst.obj
 0004:000008f4       $pdata$pre_c_init          00000001800178f4     MSVCRT:crtdll.obj
 0004:00000900       $pdata$_CRT_INIT           0000000180017900     MSVCRT:crtdll.obj
 0004:0000090c       $pdata$_DllMainCRTStartup  000000018001790c     MSVCRT:crtdll.obj
 0004:00000918       $pdata$__DllMainCRTStartup 0000000180017918     MSVCRT:crtdll.obj
 0004:00000924       $pdata$__raise_securityfailure 0000000180017924     MSVCRT:gs_report.obj
 0004:00000930       $pdata$__report_gsfailure  0000000180017930     MSVCRT:gs_report.obj
 0004:0000093c       $pdata$??_M@YAXPEAX_KHP6AX0@Z@Z 000000018001793c     MSVCRT:ehvecdtr.obj
 0004:00000948       $pdata$?__ArrayUnwind@@YAXPEAX_KHP6AX0@Z@Z 0000000180017948     MSVCRT:ehvecdtr.obj
 0004:00000954       $pdata$_IsNonwritableInCurrentImage 0000000180017954     MSVCRT:pesect.obj
 0004:00000960       $pdata$__security_init_cookie 0000000180017960     MSVCRT:gs_support.obj
 0004:0000096c       $pdata$DllMain             000000018001796c     MSVCRT:dllmain.obj
 0004:00000978       $pdata$_RTC_Initialize     0000000180017978     MSVCRT:initsect.obj
 0004:00000984       $pdata$_RTC_Terminate      0000000180017984     MSVCRT:initsect.obj
 0004:00000990       $pdata$__GSHandlerCheck    0000000180017990     MSVCRT:gshandler.obj
 0004:0000099c       $pdata$__GSHandlerCheckCommon 000000018001799c     MSVCRT:gshandler.obj
 0004:000009a8       $pdata$__GSHandlerCheck_EH 00000001800179a8     MSVCRT:gshandlereh.obj
 0004:000009b4       $pdata$mexFunction$catch$0 00000001800179b4     * CIL library *:* CIL module *
 0004:000009c0       $pdata$mexFunction$catch$1 00000001800179c0     * CIL library *:* CIL module *
 0004:000009cc       $pdata$?dtor$0@?0???0?$basic_ostringstream@DU?$char_traits@D@std@@V?$allocator@D@2@@std@@QEAA@H@Z@4HA 00000001800179cc     * CIL library *:* CIL module *
 0004:000009d8       $pdata$?catch$1@?0??_Copy@?$basic_string@DU?$char_traits@D@std@@V?$allocator@D@2@@std@@QEAAX_K0@Z@4HA 00000001800179d8     * CIL library *:* CIL module *
 0004:000009e4       $pdata$?catch$0@?0??_Copy@?$basic_string@DU?$char_traits@D@std@@V?$allocator@D@2@@std@@QEAAX_K0@Z@4HA 00000001800179e4     * CIL library *:* CIL module *
 0004:000009f0       $pdata$?dtor$0@?0???$?HDU?$char_traits@D@std@@V?$allocator@D@1@@std@@YA?AV?$basic_string@DU?$char_traits@D@std@@V?$allocator@D@2@@0@AEBV10@0@Z@4HA 00000001800179f0     * CIL library *:* CIL module *
 0004:000009fc       $pdata$?catch$0@?0???$?6U?$char_traits@D@std@@@std@@YAAEAV?$basic_ostream@DU?$char_traits@D@std@@@0@AEAV10@PEBD@Z@4HA 00000001800179fc     * CIL library *:* CIL module *
 0004:00000a08       $pdata$?catch$0@?0???$?6DU?$char_traits@D@std@@V?$allocator@D@1@@std@@YAAEAV?$basic_ostream@DU?$char_traits@D@std@@@0@AEAV10@AEBV?$basic_string@DU?$char_traits@D@std@@V?$allocator@D@2@@0@@Z@4HA 0000000180017a08     * CIL library *:* CIL module *
 0004:00000a14       $pdata$?catch$0@?0???$?6U?$char_traits@D@std@@@std@@YAAEAV?$basic_ostream@DU?$char_traits@D@std@@@0@AEAV10@D@Z@4HA 0000000180017a14     * CIL library *:* CIL module *
 0004:00000a20       $pdata$?dtor$0@?0??toCVMatFloat@@YA?AVMat@cv@@V?$Mat@M@diwu@@@Z@4HA 0000000180017a20     * CIL library *:* CIL module *
 0004:00000a2c       $pdata$?catch$0@?0???0?$_Tree@V?$_Tmap_traits@V?$basic_string@DU?$char_traits@D@std@@V?$allocator@D@2@@std@@HU?$less@V?$basic_string@DU?$char_traits@D@std@@V?$allocator@D@2@@std@@@2@V?$allocator@U?$pair@$$CBV?$basic_string@DU?$char_traits@D@std@@V?$allocator@D@2@@std@@H@std@@@2@$0A@@std@@@std@@QEAA@AEBV01@AEBV?$allocator@U?$pair@$$CBV?$basic_string@DU?$char_traits@D@std@@V?$allocator@D@2@@std@@H@std@@@1@@Z@4HA 0000000180017a2c     * CIL library *:* CIL module *
 0004:00000a38       $pdata$?catch$0@?0???0?$_Tree@V?$_Tmap_traits@W4mxClassID@@HU?$less@W4mxClassID@@@std@@V?$allocator@U?$pair@$$CBW4mxClassID@@H@std@@@3@$0A@@std@@@std@@QEAA@AEBV01@AEBV?$allocator@U?$pair@$$CBW4mxClassID@@H@std@@@1@@Z@4HA 0000000180017a38     * CIL library *:* CIL module *
 0004:00000a44       $pdata$?catch$0@?0???0?$_Tree@V?$_Tmap_traits@HW4mxClassID@@U?$less@H@std@@V?$allocator@U?$pair@$$CBHW4mxClassID@@@std@@@3@$0A@@std@@@std@@QEAA@AEBV01@AEBV?$allocator@U?$pair@$$CBHW4mxClassID@@@std@@@1@@Z@4HA 0000000180017a44     * CIL library *:* CIL module *
 0004:00000a50       $pdata$?catch$0@?0???0?$_Tree@V?$_Tmap_traits@HV?$basic_string@DU?$char_traits@D@std@@V?$allocator@D@2@@std@@U?$less@H@2@V?$allocator@U?$pair@$$CBHV?$basic_string@DU?$char_traits@D@std@@V?$allocator@D@2@@std@@@std@@@2@$0A@@std@@@std@@QEAA@AEBV01@AEBV?$allocator@U?$pair@$$CBHV?$basic_string@DU?$char_traits@D@std@@V?$allocator@D@2@@std@@@std@@@1@@Z@4HA 0000000180017a50     * CIL library *:* CIL module *
 0004:00000a5c       $pdata$?dtor$0@?0???$_Buynode@AEBUpiecewise_construct_t@std@@V?$tuple@AEBV?$basic_string@DU?$char_traits@D@std@@V?$allocator@D@2@@std@@@2@V?$tuple@$$$V@2@@?$_Tree_buy@U?$pair@$$CBV?$basic_string@DU?$char_traits@D@std@@V?$allocator@D@2@@std@@H@std@@V?$allocator@U?$pair@$$CBV?$basic_string@DU?$char_traits@D@std@@V?$allocator@D@2@@std@@H@std@@@2@@std@@QEAAPEAU?$_Tree_node@U?$pair@$$CBV?$basic_string@DU?$char_traits@D@std@@V?$allocator@D@2@@std@@H@std@@PEAX@1@AEBUpiecewise_construct_t@1@$$QEAV?$tuple@AEBV?$basic_string@DU?$char_traits@D@std@@V?$allocator@D@2@@std@@@1@$$QEAV?$tuple@$$$V@1@@Z@4HA 0000000180017a5c     * CIL library *:* CIL module *
 0004:00000a68       $pdata$?catch$0@?0???$_Buynode@AEBUpiecewise_construct_t@std@@V?$tuple@AEBV?$basic_string@DU?$char_traits@D@std@@V?$allocator@D@2@@std@@@2@V?$tuple@$$$V@2@@?$_Tree_buy@U?$pair@$$CBV?$basic_string@DU?$char_traits@D@std@@V?$allocator@D@2@@std@@H@std@@V?$allocator@U?$pair@$$CBV?$basic_string@DU?$char_traits@D@std@@V?$allocator@D@2@@std@@H@std@@@2@@std@@QEAAPEAU?$_Tree_node@U?$pair@$$CBV?$basic_string@DU?$char_traits@D@std@@V?$allocator@D@2@@std@@H@std@@PEAX@1@AEBUpiecewise_construct_t@1@$$QEAV?$tuple@AEBV?$basic_string@DU?$char_traits@D@std@@V?$allocator@D@2@@std@@@1@$$QEAV?$tuple@$$$V@1@@Z@4HA 0000000180017a68     * CIL library *:* CIL module *
 0004:00000a74       $pdata$?catch$0@?0???$_Insert_hint@AEAU?$pair@$$CBV?$basic_string@DU?$char_traits@D@std@@V?$allocator@D@2@@std@@H@std@@PEAU?$_Tree_node@U?$pair@$$CBV?$basic_string@DU?$char_traits@D@std@@V?$allocator@D@2@@std@@H@std@@PEAX@2@@?$_Tree@V?$_Tmap_traits@V?$basic_string@DU?$char_traits@D@std@@V?$allocator@D@2@@std@@HU?$less@V?$basic_string@DU?$char_traits@D@std@@V?$allocator@D@2@@std@@@2@V?$allocator@U?$pair@$$CBV?$basic_string@DU?$char_traits@D@std@@V?$allocator@D@2@@std@@H@std@@@2@$0A@@std@@@std@@IEAA?AV?$_Tree_iterator@V?$_Tree_val@U?$_Tree_simple_types@U?$pair@$$CBV?$basic_string@DU?$char_traits@D@std@@V?$allocator@D@2@@std@@H@std@@@std@@@std@@@1@V?$_Tree_const_iterator@V?$_Tree_val@U?$_Tree_simple_types@U?$pair@$$CBV?$basic_string@DU?$char_traits@D@std@@V?$allocator@D@2@@std@@H@std@@@std@@@std@@@1@AEAU?$pair@$$CBV?$basic_string@DU?$char_traits@D@std@@V?$allocator@D@2@@std@@H@1@PEAU?$_Tree_node@U?$pair@$$CBV?$basic_string@DU?$char_traits@D@std@@V?$allocator@D@2@@std@@H@std@@PEAX@1@@Z@4HA 0000000180017a74     * CIL library *:* CIL module *
 0004:00000a80       $pdata$?catch$0@?0???$_Copy_nodes@U?$integral_constant@_N$0A@@std@@@?$_Tree@V?$_Tmap_traits@V?$basic_string@DU?$char_traits@D@std@@V?$allocator@D@2@@std@@HU?$less@V?$basic_string@DU?$char_traits@D@std@@V?$allocator@D@2@@std@@@2@V?$allocator@U?$pair@$$CBV?$basic_string@DU?$char_traits@D@std@@V?$allocator@D@2@@std@@H@std@@@2@$0A@@std@@@std@@IEAAPEAU?$_Tree_node@U?$pair@$$CBV?$basic_string@DU?$char_traits@D@std@@V?$allocator@D@2@@std@@H@std@@PEAX@1@PEAU21@0U?$integral_constant@_N$0A@@1@@Z@4HA 0000000180017a80     * CIL library *:* CIL module *
 0004:00000a8c       $pdata$?catch$0@?0???$_Insert_hint@AEAU?$pair@$$CBHW4mxClassID@@@std@@PEAU?$_Tree_node@U?$pair@$$CBHW4mxClassID@@@std@@PEAX@2@@?$_Tree@V?$_Tmap_traits@HW4mxClassID@@U?$less@H@std@@V?$allocator@U?$pair@$$CBHW4mxClassID@@@std@@@3@$0A@@std@@@std@@IEAA?AV?$_Tree_iterator@V?$_Tree_val@U?$_Tree_simple_types@U?$pair@$$CBHW4mxClassID@@@std@@@std@@@std@@@1@V?$_Tree_const_iterator@V?$_Tree_val@U?$_Tree_simple_types@U?$pair@$$CBHW4mxClassID@@@std@@@std@@@std@@@1@AEAU?$pair@$$CBHW4mxClassID@@@1@PEAU?$_Tree_node@U?$pair@$$CBHW4mxClassID@@@std@@PEAX@1@@Z@4HA 0000000180017a8c     * CIL library *:* CIL module *
 0004:00000a8c       $pdata$?catch$0@?0???$_Insert_hint@AEAU?$pair@$$CBW4mxClassID@@H@std@@PEAU?$_Tree_node@U?$pair@$$CBW4mxClassID@@H@std@@PEAX@2@@?$_Tree@V?$_Tmap_traits@W4mxClassID@@HU?$less@W4mxClassID@@@std@@V?$allocator@U?$pair@$$CBW4mxClassID@@H@std@@@3@$0A@@std@@@std@@IEAA?AV?$_Tree_iterator@V?$_Tree_val@U?$_Tree_simple_types@U?$pair@$$CBW4mxClassID@@H@std@@@std@@@std@@@1@V?$_Tree_const_iterator@V?$_Tree_val@U?$_Tree_simple_types@U?$pair@$$CBW4mxClassID@@H@std@@@std@@@std@@@1@AEAU?$pair@$$CBW4mxClassID@@H@1@PEAU?$_Tree_node@U?$pair@$$CBW4mxClassID@@H@std@@PEAX@1@@Z@4HA 0000000180017a8c     * CIL library *:* CIL module *
 0004:00000a98       $pdata$?catch$0@?0???$_Copy_nodes@U?$integral_constant@_N$0A@@std@@@?$_Tree@V?$_Tmap_traits@W4mxClassID@@HU?$less@W4mxClassID@@@std@@V?$allocator@U?$pair@$$CBW4mxClassID@@H@std@@@3@$0A@@std@@@std@@IEAAPEAU?$_Tree_node@U?$pair@$$CBW4mxClassID@@H@std@@PEAX@1@PEAU21@0U?$integral_constant@_N$0A@@1@@Z@4HA 0000000180017a98     * CIL library *:* CIL module *
 0004:00000a98       $pdata$?catch$0@?0???$_Copy_nodes@U?$integral_constant@_N$0A@@std@@@?$_Tree@V?$_Tmap_traits@HW4mxClassID@@U?$less@H@std@@V?$allocator@U?$pair@$$CBHW4mxClassID@@@std@@@3@$0A@@std@@@std@@IEAAPEAU?$_Tree_node@U?$pair@$$CBHW4mxClassID@@@std@@PEAX@1@PEAU21@0U?$integral_constant@_N$0A@@1@@Z@4HA 0000000180017a98     * CIL library *:* CIL module *
 0004:00000aa4       $pdata$?catch$0@?0???$_Insert_hint@AEAU?$pair@$$CBHV?$basic_string@DU?$char_traits@D@std@@V?$allocator@D@2@@std@@@std@@PEAU?$_Tree_node@U?$pair@$$CBHV?$basic_string@DU?$char_traits@D@std@@V?$allocator@D@2@@std@@@std@@PEAX@2@@?$_Tree@V?$_Tmap_traits@HV?$basic_string@DU?$char_traits@D@std@@V?$allocator@D@2@@std@@U?$less@H@2@V?$allocator@U?$pair@$$CBHV?$basic_string@DU?$char_traits@D@std@@V?$allocator@D@2@@std@@@std@@@2@$0A@@std@@@std@@IEAA?AV?$_Tree_iterator@V?$_Tree_val@U?$_Tree_simple_types@U?$pair@$$CBHV?$basic_string@DU?$char_traits@D@std@@V?$allocator@D@2@@std@@@std@@@std@@@std@@@1@V?$_Tree_const_iterator@V?$_Tree_val@U?$_Tree_simple_types@U?$pair@$$CBHV?$basic_string@DU?$char_traits@D@std@@V?$allocator@D@2@@std@@@std@@@std@@@std@@@1@AEAU?$pair@$$CBHV?$basic_string@DU?$char_traits@D@std@@V?$allocator@D@2@@std@@@1@PEAU?$_Tree_node@U?$pair@$$CBHV?$basic_string@DU?$char_traits@D@std@@V?$allocator@D@2@@std@@@std@@PEAX@1@@Z@4HA 0000000180017aa4     * CIL library *:* CIL module *
 0004:00000ab0       $pdata$?catch$0@?0???$_Copy_nodes@U?$integral_constant@_N$0A@@std@@@?$_Tree@V?$_Tmap_traits@HV?$basic_string@DU?$char_traits@D@std@@V?$allocator@D@2@@std@@U?$less@H@2@V?$allocator@U?$pair@$$CBHV?$basic_string@DU?$char_traits@D@std@@V?$allocator@D@2@@std@@@std@@@2@$0A@@std@@@std@@IEAAPEAU?$_Tree_node@U?$pair@$$CBHV?$basic_string@DU?$char_traits@D@std@@V?$allocator@D@2@@std@@@std@@PEAX@1@PEAU21@0U?$integral_constant@_N$0A@@1@@Z@4HA 0000000180017ab0     * CIL library *:* CIL module *
 0004:00000abc       $pdata$?catch$0@?0???$_Insert_nohint@AEAU?$pair@$$CBV?$basic_string@DU?$char_traits@D@std@@V?$allocator@D@2@@std@@H@std@@PEAU?$_Tree_node@U?$pair@$$CBV?$basic_string@DU?$char_traits@D@std@@V?$allocator@D@2@@std@@H@std@@PEAX@2@@?$_Tree@V?$_Tmap_traits@V?$basic_string@DU?$char_traits@D@std@@V?$allocator@D@2@@std@@HU?$less@V?$basic_string@DU?$char_traits@D@std@@V?$allocator@D@2@@std@@@2@V?$allocator@U?$pair@$$CBV?$basic_string@DU?$char_traits@D@std@@V?$allocator@D@2@@std@@H@std@@@2@$0A@@std@@@std@@IEAA?AU?$pair@V?$_Tree_iterator@V?$_Tree_val@U?$_Tree_simple_types@U?$pair@$$CBV?$basic_string@DU?$char_traits@D@std@@V?$allocator@D@2@@std@@H@std@@@std@@@std@@@std@@_N@1@_NAEAU?$pair@$$CBV?$basic_string@DU?$char_traits@D@std@@V?$allocator@D@2@@std@@H@1@PEAU?$_Tree_node@U?$pair@$$CBV?$basic_string@DU?$char_traits@D@std@@V?$allocator@D@2@@std@@H@std@@PEAX@1@@Z@4HA 0000000180017abc     * CIL library *:* CIL module *
 0004:00000ac8       $pdata$?catch$0@?0???$_Insert_nohint@AEAU?$pair@$$CBW4mxClassID@@H@std@@PEAU?$_Tree_node@U?$pair@$$CBW4mxClassID@@H@std@@PEAX@2@@?$_Tree@V?$_Tmap_traits@W4mxClassID@@HU?$less@W4mxClassID@@@std@@V?$allocator@U?$pair@$$CBW4mxClassID@@H@std@@@3@$0A@@std@@@std@@IEAA?AU?$pair@V?$_Tree_iterator@V?$_Tree_val@U?$_Tree_simple_types@U?$pair@$$CBW4mxClassID@@H@std@@@std@@@std@@@std@@_N@1@_NAEAU?$pair@$$CBW4mxClassID@@H@1@PEAU?$_Tree_node@U?$pair@$$CBW4mxClassID@@H@std@@PEAX@1@@Z@4HA 0000000180017ac8     * CIL library *:* CIL module *
 0004:00000ac8       $pdata$?catch$0@?0???$_Insert_nohint@AEAU?$pair@$$CBHW4mxClassID@@@std@@PEAU?$_Tree_node@U?$pair@$$CBHW4mxClassID@@@std@@PEAX@2@@?$_Tree@V?$_Tmap_traits@HW4mxClassID@@U?$less@H@std@@V?$allocator@U?$pair@$$CBHW4mxClassID@@@std@@@3@$0A@@std@@@std@@IEAA?AU?$pair@V?$_Tree_iterator@V?$_Tree_val@U?$_Tree_simple_types@U?$pair@$$CBHW4mxClassID@@@std@@@std@@@std@@@std@@_N@1@_NAEAU?$pair@$$CBHW4mxClassID@@@1@PEAU?$_Tree_node@U?$pair@$$CBHW4mxClassID@@@std@@PEAX@1@@Z@4HA 0000000180017ac8     * CIL library *:* CIL module *
 0004:00000ad4       $pdata$?catch$0@?0???$_Insert_nohint@AEAU?$pair@$$CBHV?$basic_string@DU?$char_traits@D@std@@V?$allocator@D@2@@std@@@std@@PEAU?$_Tree_node@U?$pair@$$CBHV?$basic_string@DU?$char_traits@D@std@@V?$allocator@D@2@@std@@@std@@PEAX@2@@?$_Tree@V?$_Tmap_traits@HV?$basic_string@DU?$char_traits@D@std@@V?$allocator@D@2@@std@@U?$less@H@2@V?$allocator@U?$pair@$$CBHV?$basic_string@DU?$char_traits@D@std@@V?$allocator@D@2@@std@@@std@@@2@$0A@@std@@@std@@IEAA?AU?$pair@V?$_Tree_iterator@V?$_Tree_val@U?$_Tree_simple_types@U?$pair@$$CBHV?$basic_string@DU?$char_traits@D@std@@V?$allocator@D@2@@std@@@std@@@std@@@std@@@std@@_N@1@_NAEAU?$pair@$$CBHV?$basic_string@DU?$char_traits@D@std@@V?$allocator@D@2@@std@@@1@PEAU?$_Tree_node@U?$pair@$$CBHV?$basic_string@DU?$char_traits@D@std@@V?$allocator@D@2@@std@@@std@@PEAX@1@@Z@4HA 0000000180017ad4     * CIL library *:* CIL module *
 0004:00000ae0       $pdata$?dtor$0@?0???$_Buynode@AEAU?$pair@$$CBV?$basic_string@DU?$char_traits@D@std@@V?$allocator@D@2@@std@@H@std@@@?$_Tree_buy@U?$pair@$$CBV?$basic_string@DU?$char_traits@D@std@@V?$allocator@D@2@@std@@H@std@@V?$allocator@U?$pair@$$CBV?$basic_string@DU?$char_traits@D@std@@V?$allocator@D@2@@std@@H@std@@@2@@std@@QEAAPEAU?$_Tree_node@U?$pair@$$CBV?$basic_string@DU?$char_traits@D@std@@V?$allocator@D@2@@std@@H@std@@PEAX@1@AEAU?$pair@$$CBV?$basic_string@DU?$char_traits@D@std@@V?$allocator@D@2@@std@@H@1@@Z@4HA 0000000180017ae0     * CIL library *:* CIL module *
 0004:00000aec       $pdata$?catch$0@?0???$_Buynode@AEAU?$pair@$$CBV?$basic_string@DU?$char_traits@D@std@@V?$allocator@D@2@@std@@H@std@@@?$_Tree_buy@U?$pair@$$CBV?$basic_string@DU?$char_traits@D@std@@V?$allocator@D@2@@std@@H@std@@V?$allocator@U?$pair@$$CBV?$basic_string@DU?$char_traits@D@std@@V?$allocator@D@2@@std@@H@std@@@2@@std@@QEAAPEAU?$_Tree_node@U?$pair@$$CBV?$basic_string@DU?$char_traits@D@std@@V?$allocator@D@2@@std@@H@std@@PEAX@1@AEAU?$pair@$$CBV?$basic_string@DU?$char_traits@D@std@@V?$allocator@D@2@@std@@H@1@@Z@4HA 0000000180017aec     * CIL library *:* CIL module *
 0004:00000af8       $pdata$?dtor$0@?0???$_Buynode@AEAU?$pair@$$CBHV?$basic_string@DU?$char_traits@D@std@@V?$allocator@D@2@@std@@@std@@@?$_Tree_buy@U?$pair@$$CBHV?$basic_string@DU?$char_traits@D@std@@V?$allocator@D@2@@std@@@std@@V?$allocator@U?$pair@$$CBHV?$basic_string@DU?$char_traits@D@std@@V?$allocator@D@2@@std@@@std@@@2@@std@@QEAAPEAU?$_Tree_node@U?$pair@$$CBHV?$basic_string@DU?$char_traits@D@std@@V?$allocator@D@2@@std@@@std@@PEAX@1@AEAU?$pair@$$CBHV?$basic_string@DU?$char_traits@D@std@@V?$allocator@D@2@@std@@@1@@Z@4HA 0000000180017af8     * CIL library *:* CIL module *
 0004:00000b04       $pdata$?catch$0@?0???$_Buynode@AEAU?$pair@$$CBHV?$basic_string@DU?$char_traits@D@std@@V?$allocator@D@2@@std@@@std@@@?$_Tree_buy@U?$pair@$$CBHV?$basic_string@DU?$char_traits@D@std@@V?$allocator@D@2@@std@@@std@@V?$allocator@U?$pair@$$CBHV?$basic_string@DU?$char_traits@D@std@@V?$allocator@D@2@@std@@@std@@@2@@std@@QEAAPEAU?$_Tree_node@U?$pair@$$CBHV?$basic_string@DU?$char_traits@D@std@@V?$allocator@D@2@@std@@@std@@PEAX@1@AEAU?$pair@$$CBHV?$basic_string@DU?$char_traits@D@std@@V?$allocator@D@2@@std@@@1@@Z@4HA 0000000180017b04     * CIL library *:* CIL module *
 0004:00000b10       $pdata$_onexit$fin$0       0000000180017b10     MSVCRT:atonexit.obj
 0004:00000b1c       $pdata$__DllMainCRTStartup$filt$0 0000000180017b1c     MSVCRT:crtdll.obj
 0004:00000b28       $pdata$__DllMainCRTStartup$fin$1 0000000180017b28     MSVCRT:crtdll.obj
 0004:00000b34       $pdata$?fin$0@?0???_M@YAXPEAX_KHP6AX0@Z@Z@4HA 0000000180017b34     MSVCRT:ehvecdtr.obj
 0004:00000b40       $pdata$?filt$0@?0??__ArrayUnwind@@YAXPEAX_KHP6AX0@Z@Z@4HA 0000000180017b40     MSVCRT:ehvecdtr.obj
 0004:00000b4c       $pdata$_IsNonwritableInCurrentImage$filt$0 0000000180017b4c     MSVCRT:pesect.obj
 0004:00000b58       $pdata$??__F?All@MethodTypes@@2V?$vector@PEBDV?$allocator@PEBD@std@@@std@@A@@YAXXZ 0000000180017b58     * CIL library *:* CIL module *
 0004:00000b64       $pdata$??__Ftictoc_stack@@YAXXZ 0000000180017b64     * CIL library *:* CIL module *
 0004:00000b70       $pdata$??__FDepthOf@?A0xe3473675@@YAXXZ 0000000180017b70     * CIL library *:* CIL module *
 0004:00000b7c       $pdata$??__FClassIDOf@?A0xe3473675@@YAXXZ 0000000180017b7c     * CIL library *:* CIL module *
 0004:00000b88       $pdata$??__FInvTermCritType@?A0xe3473675@@YAXXZ 0000000180017b88     * CIL library *:* CIL module *
 0004:00000b94       $pdata$??__FTermCritType@?A0xe3473675@@YAXXZ 0000000180017b94     * CIL library *:* CIL module *
